Component: ARM Compiler 5.06 update 7 (build 960) Tool: armlink [4d3601]

==============================================================================

Section Cross References

    startup_stm32f427xx.o(RESET) refers to startup_stm32f427xx.o(STACK) for __initial_sp
    startup_stm32f427xx.o(RESET) refers to startup_stm32f427xx.o(.text) for Reset_Handler
    startup_stm32f427xx.o(RESET) refers to stm32f4xx_it.o(i.NMI_Handler) for NMI_Handler
    startup_stm32f427xx.o(RESET) refers to stm32f4xx_it.o(i.HardFault_Handler) for HardFault_Handler
    startup_stm32f427xx.o(RESET) refers to stm32f4xx_it.o(i.MemManage_Handler) for MemManage_Handler
    startup_stm32f427xx.o(RESET) refers to stm32f4xx_it.o(i.BusFault_Handler) for BusFault_Handler
    startup_stm32f427xx.o(RESET) refers to stm32f4xx_it.o(i.UsageFault_Handler) for UsageFault_Handler
    startup_stm32f427xx.o(RESET) refers to port.o(.emb_text) for SVC_Handler
    startup_stm32f427xx.o(RESET) refers to stm32f4xx_it.o(i.DebugMon_Handler) for DebugMon_Handler
    startup_stm32f427xx.o(RESET) refers to cmsis_os2.o(i.SysTick_Handler) for SysTick_Handler
    startup_stm32f427xx.o(RESET) refers to stm32f4xx_it.o(i.EXTI0_IRQHandler) for EXTI0_IRQHandler
    startup_stm32f427xx.o(RESET) refers to stm32f4xx_it.o(i.TIM1_UP_TIM10_IRQHandler) for TIM1_UP_TIM10_IRQHandler
    startup_stm32f427xx.o(RESET) refers to stm32f4xx_it.o(i.TIM8_BRK_TIM12_IRQHandler) for TIM8_BRK_TIM12_IRQHandler
    startup_stm32f427xx.o(RESET) refers to stm32f4xx_it.o(i.UART7_IRQHandler) for UART7_IRQHandler
    startup_stm32f427xx.o(RESET) refers to stm32f4xx_it.o(i.UART8_IRQHandler) for UART8_IRQHandler
    startup_stm32f427xx.o(.text) refers to system_stm32f4xx.o(i.SystemInit) for SystemInit
    startup_stm32f427xx.o(.text) refers to entry.o(.ARM.Collect$$$$00000000) for __main
    steer.o(i.setDegree) refers to steer.o(.data) for .data
    steer.o(i.steerCreate) refers to mallocr.o(i.__malloc$realloc) for malloc
    steer.o(i.steerCreate) refers to printfa.o(i.__0printf) for __2printf
    steer.o(i.steerCreate) refers to stm32f4xx_hal_tim.o(i.HAL_TIM_PWM_Start) for HAL_TIM_PWM_Start
    steer.o(i.steerCreate) refers to steer.o(.data) for .data
    steer.o(i.steerCreate) refers to steer.o(i.setDegree) for setDegree
    steer.o(i.steerInit) refers to steer.o(i.steerCreate) for steerCreate
    steer.o(i.steerInit) refers to steer.o(.data) for .data
    steer.o(i.steerInit) refers to tim.o(.bss) for htim4
    sr04.o(i.HAL_GPIO_EXTI_Callback) refers to stm32f4xx_hal_tim.o(i.HAL_TIM_Base_Stop) for HAL_TIM_Base_Stop
    sr04.o(i.HAL_GPIO_EXTI_Callback) refers to stm32f4xx_hal_tim.o(i.HAL_TIM_Base_Start) for HAL_TIM_Base_Start
    sr04.o(i.HAL_GPIO_EXTI_Callback) refers to sr04.o(.data) for .data
    sr04.o(i.HAL_GPIO_EXTI_Callback) refers to tim.o(.bss) for htim8
    sr04.o(i.SR04_init) refers to mallocr.o(i.__malloc$realloc) for malloc
    sr04.o(i.SR04_init) refers to sr04.o(.data) for .data
    sr04.o(i.SR04_init) refers to tim.o(.bss) for htim8
    sr04.o(i.getDistance) refers to stm32f4xx_hal_gpio.o(i.HAL_GPIO_WritePin) for HAL_GPIO_WritePin
    sr04.o(i.getDistance) refers to sr04.o(i.delay_us) for delay_us
    sr04.o(i.getDistance) refers to tasks.o(i.vTaskDelay) for vTaskDelay
    sr04.o(i.getDistance) refers to dfltui.o(.text) for __aeabi_ui2d
    sr04.o(i.getDistance) refers to dmul.o(.text) for __aeabi_dmul
    sr04.o(i.getDistance) refers to d2f.o(.text) for __aeabi_d2f
    sr04.o(i.getDistance) refers to sr04.o(.data) for .data
    connect.o(i.HAL_UART_RxCpltCallback) refers to memseta.o(.text) for __aeabi_memclr
    connect.o(i.HAL_UART_RxCpltCallback) refers to memcpya.o(.text) for __aeabi_memcpy
    connect.o(i.HAL_UART_RxCpltCallback) refers to cmsis_os2.o(i.osThreadFlagsSet) for osThreadFlagsSet
    connect.o(i.HAL_UART_RxCpltCallback) refers to stm32f4xx_hal_uart.o(i.HAL_UART_Receive_IT) for HAL_UART_Receive_IT
    connect.o(i.HAL_UART_RxCpltCallback) refers to connect.o(.data) for .data
    connect.o(i.HAL_UART_RxCpltCallback) refers to connect.o(.bss) for .bss
    connect.o(i.HAL_UART_RxCpltCallback) refers to freertos.o(.data) for cloudPlatformHandle
    connect.o(i.connectInit) refers to stm32f4xx_hal_uart.o(i.HAL_UART_Receive_IT) for HAL_UART_Receive_IT
    connect.o(i.connectInit) refers to connect.o(.data) for .data
    connect.o(i.receive) refers to cjson.o(i.cJSON_Parse) for cJSON_Parse
    connect.o(i.receive) refers to memseta.o(.text) for __aeabi_memclr
    connect.o(i.receive) refers to cjson.o(i.cJSON_GetObjectItem) for cJSON_GetObjectItem
    connect.o(i.receive) refers to cjson.o(i.cJSON_Delete) for cJSON_Delete
    connect.o(i.receive) refers to connect.o(.bss) for .bss
    connect.o(i.send) refers to strlen.o(.text) for strlen
    connect.o(i.send) refers to stm32f4xx_hal_uart.o(i.HAL_UART_Transmit) for HAL_UART_Transmit
    cjson.o(i.add_item_to_object) refers to cjson.o(i.cJSON_strdup) for cJSON_strdup
[...]
    prvResetNextTaskUnblockTime              0x08004bbd   Thumb Code    26  tasks.o(i.prvResetNextTaskUnblockTime)
    i.prvSampleTimeNow                       0x08004bdc   Section        0  timers.o(i.prvSampleTimeNow)
    prvSampleTimeNow                         0x08004bdd   Thumb Code    36  timers.o(i.prvSampleTimeNow)
    i.prvSwitchTimerLists                    0x08004c04   Section        0  timers.o(i.prvSwitchTimerLists)
    prvSwitchTimerLists                      0x08004c05   Thumb Code   104  timers.o(i.prvSwitchTimerLists)
    i.prvTaskExitError                       0x08004c70   Section        0  port.o(i.prvTaskExitError)
    prvTaskExitError                         0x08004c71   Thumb Code    36  port.o(i.prvTaskExitError)
    i.prvTimerTask                           0x08004c98   Section        0  timers.o(i.prvTimerTask)
    prvTimerTask                             0x08004c99   Thumb Code    32  timers.o(i.prvTimerTask)
    i.prvUnlockQueue                         0x08004cbc   Section        0  queue.o(i.prvUnlockQueue)
    prvUnlockQueue                           0x08004cbd   Thumb Code   106  queue.o(i.prvUnlockQueue)
    i.pvPortMalloc                           0x08004d28   Section        0  heap_4.o(i.pvPortMalloc)
    i.pxPortInitialiseStack                  0x08004e04   Section        0  port.o(i.pxPortInitialiseStack)
    i.realloc                                0x08004e30   Section        0  mallocr.o(i.realloc)
    i.receive                                0x08004e9c   Section        0  connect.o(i.receive)
    i.setDegree                              0x08004f08   Section        0  steer.o(i.setDegree)
    i.utf16_literal_to_utf8                  0x08004f40   Section        0  cjson.o(i.utf16_literal_to_utf8)
    utf16_literal_to_utf8                    0x08004f41   Thumb Code   210  cjson.o(i.utf16_literal_to_utf8)
    i.uxListRemove                           0x08005012   Section        0  list.o(i.uxListRemove)
    i.vApplicationGetIdleTaskMemory          0x08005038   Section        0  cmsis_os2.o(i.vApplicationGetIdleTaskMemory)
    i.vApplicationGetTimerTaskMemory         0x0800504c   Section        0  cmsis_os2.o(i.vApplicationGetTimerTaskMemory)
    i.vListInitialise                        0x08005064   Section        0  list.o(i.vListInitialise)
    i.vListInitialiseItem                    0x0800507a   Section        0  list.o(i.vListInitialiseItem)
    i.vListInsert                            0x08005080   Section        0  list.o(i.vListInsert)
    i.vListInsertEnd                         0x080050b0   Section        0  list.o(i.vListInsertEnd)
    i.vPortEnterCritical                     0x080050c8   Section        0  port.o(i.vPortEnterCritical)
    i.vPortExitCritical                      0x08005108   Section        0  port.o(i.vPortExitCritical)
    i.vPortFree                              0x08005130   Section        0  heap_4.o(i.vPortFree)
    i.vPortSetupTimerInterrupt               0x08005194   Section        0  port.o(i.vPortSetupTimerInterrupt)
    i.vPortValidateInterruptPriority         0x080051b8   Section        0  port.o(i.vPortValidateInterruptPriority)
    i.vQueueAddToRegistry                    0x0800520c   Section        0  queue.o(i.vQueueAddToRegistry)
    i.vQueueWaitForMessageRestricted         0x08005234   Section        0  queue.o(i.vQueueWaitForMessageRestricted)
    i.vTaskDelay                             0x08005278   Section        0  tasks.o(i.vTaskDelay)
    i.vTaskInternalSetTimeOutState           0x080052c4   Section        0  tasks.o(i.vTaskInternalSetTimeOutState)
    i.vTaskMissedYield                       0x080052d4   Section        0  tasks.o(i.vTaskMissedYield)
    i.vTaskPlaceOnEventList                  0x080052e0   Section        0  tasks.o(i.vTaskPlaceOnEventList)
    i.vTaskPlaceOnEventListRestricted        0x08005310   Section        0  tasks.o(i.vTaskPlaceOnEventListRestricted)
    i.vTaskStartScheduler                    0x08005348   Section        0  tasks.o(i.vTaskStartScheduler)
    i.vTaskSuspendAll                        0x080053d0   Section        0  tasks.o(i.vTaskSuspendAll)
    i.vTaskSwitchContext                     0x080053e0   Section        0  tasks.o(i.vTaskSwitchContext)
    i.xPortStartScheduler                    0x08005444   Section        0  port.o(i.xPortStartScheduler)
    i.xPortSysTickHandler                    0x08005538   Section        0  port.o(i.xPortSysTickHandler)
    i.xQueueGenericCreateStatic              0x08005564   Section        0  queue.o(i.xQueueGenericCreateStatic)
    i.xQueueGenericReset                     0x080055cc   Section        0  queue.o(i.xQueueGenericReset)
    i.xQueueGenericSend                      0x08005654   Section        0  queue.o(i.xQueueGenericSend)
    i.xQueueGenericSendFromISR               0x080057b4   Section        0  queue.o(i.xQueueGenericSendFromISR)
    i.xQueueReceive                          0x08005874   Section        0  queue.o(i.xQueueReceive)
    i.xTaskCheckForTimeOut                   0x080059ac   Section        0  tasks.o(i.xTaskCheckForTimeOut)
    i.xTaskCreate                            0x08005a20   Section        0  tasks.o(i.xTaskCreate)
    i.xTaskCreateStatic                      0x08005a7a   Section        0  tasks.o(i.xTaskCreateStatic)
    i.xTaskGenericNotify                     0x08005ad0   Section        0  tasks.o(i.xTaskGenericNotify)
    i.xTaskGenericNotifyFromISR              0x08005bb0   Section        0  tasks.o(i.xTaskGenericNotifyFromISR)
    i.xTaskGetSchedulerState                 0x08005cb4   Section        0  tasks.o(i.xTaskGetSchedulerState)
    i.xTaskGetTickCount                      0x08005cd0   Section        0  tasks.o(i.xTaskGetTickCount)
    i.xTaskIncrementTick                     0x08005cdc   Section        0  tasks.o(i.xTaskIncrementTick)
    i.xTaskNotifyWait                        0x08005da4   Section        0  tasks.o(i.xTaskNotifyWait)
    i.xTaskPriorityDisinherit                0x08005e30   Section        0  tasks.o(i.xTaskPriorityDisinherit)
    i.xTaskRemoveFromEventList               0x08005eb0   Section        0  tasks.o(i.xTaskRemoveFromEventList)
    i.xTaskResumeAll                         0x08005f20   Section        0  tasks.o(i.xTaskResumeAll)
    i.xTimerCreateTimerTask                  0x08005fe4   Section        0  timers.o(i.xTimerCreateTimerTask)
    i.xTimerGenericCommand                   0x08006044   Section        0  timers.o(i.xTimerGenericCommand)
    .constdata                               0x080060ac   Section       72  freertos.o(.constdata)
    .constdata                               0x080060f4   Section       16  system_stm32f4xx.o(.constdata)
    .constdata                               0x08006104   Section        8  system_stm32f4xx.o(.constdata)
    .constdata                               0x0800610c   Section       64  ctype_c.o(.constdata)
    .conststring                             0x0800614c   Section       26  freertos.o(.conststring)
    .data                                    0x20000000   Section       20  steer.o(.data)
    CCR_once_Degree                          0x20000000   Data           4  steer.o(.data)
    CCR_zero                                 0x20000004   Data           4  steer.o(.data)
    .data                                    0x20000014   Section       24  sr04.o(.data)
    .data                                    0x2000002c   Section        3  connect.o(.data)
    .data                                    0x20000030   Section       20  cjson.o(.data)
    global_error                             0x20000030   Data           8  cjson.o(.data)
    global_hooks                             0x20000038   Data          12  cjson.o(.data)
    .data                                    0x20000044   Section       16  freertos.o(.data)
    .data                                    0x20000054   Section       12  stm32f4xx_hal.o(.data)
    .data                                    0x20000060   Section        4  system_stm32f4xx.o(.data)
    .data                                    0x20000064   Section       60  tasks.o(.data)
    uxDeletedTasksWaitingCleanUp             0x20000068   Data           4  tasks.o(.data)
    uxCurrentNumberOfTasks                   0x2000006c   Data           4  tasks.o(.data)
    xTickCount                               0x20000070   Data           4  tasks.o(.data)
    uxTopReadyPriority                       0x20000074   Data           4  tasks.o(.data)
    xSchedulerRunning                        0x20000078   Data           4  tasks.o(.data)
    xPendedTicks                             0x2000007c   Data           4  tasks.o(.data)
    xYieldPending                            0x20000080   Data           4  tasks.o(.data)
    xNumOfOverflows                          0x20000084   Data           4  tasks.o(.data)
    uxTaskNumber                             0x20000088   Data           4  tasks.o(.data)
    xNextTaskUnblockTime                     0x2000008c   Data           4  tasks.o(.data)
    xIdleTaskHandle                          0x20000090   Data           4  tasks.o(.data)
    uxSchedulerSuspended                     0x20000094   Data           4  tasks.o(.data)
    pxDelayedTaskList                        0x20000098   Data           4  tasks.o(.data)
    pxOverflowDelayedTaskList                0x2000009c   Data           4  tasks.o(.data)
    .data                                    0x200000a0   Section       20  timers.o(.data)
    xTimerQueue                              0x200000a0   Data           4  timers.o(.data)
    xTimerTaskHandle                         0x200000a4   Data           4  timers.o(.data)
    xLastTime                                0x200000a8   Data           4  timers.o(.data)
    pxCurrentTimerList                       0x200000ac   Data           4  timers.o(.data)
    pxOverflowTimerList                      0x200000b0   Data           4  timers.o(.data)
    .data                                    0x200000b4   Section        4  cmsis_os2.o(.data)
    KernelState                              0x200000b4   Data           4  cmsis_os2.o(.data)
    .data                                    0x200000b8   Section       32  heap_4.o(.data)
    pxEnd                                    0x200000b8   Data           4  heap_4.o(.data)
    xFreeBytesRemaining                      0x200000bc   Data           4  heap_4.o(.data)
    xMinimumEverFreeBytesRemaining           0x200000c0   Data           4  heap_4.o(.data)
    xNumberOfSuccessfulAllocations           0x200000c4   Data           4  heap_4.o(.data)
    xNumberOfSuccessfulFrees                 0x200000c8   Data           4  heap_4.o(.data)
    xBlockAllocatedBit                       0x200000cc   Data           4  heap_4.o(.data)
    xStart                                   0x200000d0   Data           8  heap_4.o(.data)
    .data                                    0x200000d8   Section       12  port.o(.data)
    ucMaxSysCallPriority                     0x200000d8   Data           1  port.o(.data)
    uxCriticalNesting                        0x200000dc   Data           4  port.o(.data)
    ulMaxPRIGROUPValue                       0x200000e0   Data           4  port.o(.data)
    .data                                    0x200000e4   Section        4  stdout.o(.data)
    .data                                    0x200000e8   Section        4  mvars.o(.data)
    .data                                    0x200000ec   Section        4  mvars.o(.data)
    .bss                                     0x200000f0   Section      100  connect.o(.bss)
    .bss                                     0x20000154   Section      216  tim.o(.bss)
    .bss                                     0x2000022c   Section      144  usart.o(.bss)
    .bss                                     0x200002bc   Section       72  stm32f4xx_hal_timebase_tim.o(.bss)
    .bss                                     0x20000304   Section       64  queue.o(.bss)
    .bss                                     0x20000344   Section     1220  tasks.o(.bss)
    pxReadyTasksLists                        0x20000344   Data        1120  tasks.o(.bss)
    xDelayedTaskList1                        0x200007a4   Data          20  tasks.o(.bss)
    xDelayedTaskList2                        0x200007b8   Data          20  tasks.o(.bss)
    xPendingReadyList                        0x200007cc   Data          20  tasks.o(.bss)
    xTasksWaitingTermination                 0x200007e0   Data          20  tasks.o(.bss)
    xSuspendedTaskList                       0x200007f4   Data          20  tasks.o(.bss)
    .bss                                     0x20000808   Section      280  timers.o(.bss)
    xStaticTimerQueue                        0x20000808   Data          80  timers.o(.bss)
    ucStaticTimerQueueStorage                0x20000858   Data         160  timers.o(.bss)
    xActiveTimerList1                        0x200008f8   Data          20  timers.o(.bss)
    xActiveTimerList2                        0x2000090c   Data          20  timers.o(.bss)
    .bss                                     0x20000920   Section     1720  cmsis_os2.o(.bss)
    Idle_TCB                                 0x20000920   Data          92  cmsis_os2.o(.bss)
    Idle_Stack                               0x2000097c   Data         512  cmsis_os2.o(.bss)
    Timer_TCB                                0x20000b7c   Data          92  cmsis_os2.o(.bss)
    Timer_Stack                              0x20000bd8   Data        1024  cmsis_os2.o(.bss)
    .bss                                     0x20000fd8   Section    15360  heap_4.o(.bss)
    ucHeap                                   0x20000fd8   Data       15360  heap_4.o(.bss)
    HEAP                                     0x20004bd8   Section      512  startup_stm32f427xx.o(HEAP)
    STACK                                    0x20004dd8   Section     1024  startup_stm32f427xx.o(STACK)

    Global Symbols

    Symbol Name                              Value     Ov Type        Size  Object(Section)

    BuildAttributes$$THM_ISAv4$E$P$D$K$B$S$7EM$VFPi3$EXTD16$VFPS$VFMA$PE$A:L22UL41UL21$X:L11$S22US41US21$IEEE1$IW$USESV6$~STKCKD$USESV7$~SHL$OTIME$ROPI$IEEEJ$EBA8$MICROLIB$REQ8$PRES8$EABIv2 0x00000000   Number         0  anon$$obj.o ABSOLUTE
    __ARM_use_no_argv                        0x00000000   Number         0  main.o ABSOLUTE
    _printf_a                                0x00000000   Number         0  stubs.o ABSOLUTE
    _printf_c                                0x00000000   Number         0  stubs.o ABSOLUTE
    _printf_charcount                        0x00000000   Number         0  stubs.o ABSOLUTE
    _printf_d                                0x00000000   Number         0  stubs.o ABSOLUTE
    _printf_e                                0x00000000   Number         0  stubs.o ABSOLUTE
    _printf_f                                0x00000000   Number         0  stubs.o ABSOLUTE
    _printf_flags                            0x00000000   Number         0  stubs.o ABSOLUTE
    _printf_fp_dec                           0x00000000   Number         0  stubs.o ABSOLUTE
    _printf_fp_hex                           0x00000000   Number         0  stubs.o ABSOLUTE
    _printf_g                                0x00000000   Number         0  stubs.o ABSOLUTE
    _printf_i                                0x00000000   Number         0  stubs.o ABSOLUTE
    _printf_int_dec                          0x00000000   Number         0  stubs.o ABSOLUTE
    _printf_l                                0x00000000   Number         0  stubs.o ABSOLUTE
    _printf_lc                               0x00000000   Number         0  stubs.o ABSOLUTE
    _printf_ll                               0x00000000   Number         0  stubs.o ABSOLUTE
    _printf_lld                              0x00000000   Number         0  stubs.o ABSOLUTE
    _printf_lli                              0x00000000   Number         0  stubs.o ABSOLUTE
    _printf_llo                              0x00000000   Number         0  stubs.o ABSOLUTE
    _printf_llu                              0x00000000   Number         0  stubs.o ABSOLUTE
    _printf_llx                              0x00000000   Number         0  stubs.o ABSOLUTE
    _printf_longlong_dec                     0x00000000   Number         0  stubs.o ABSOLUTE
    _printf_longlong_hex                     0x00000000   Number         0  stubs.o ABSOLUTE
    _printf_longlong_oct                     0x00000000   Number         0  stubs.o ABSOLUTE
    _printf_ls                               0x00000000   Number         0  stubs.o ABSOLUTE
    _printf_mbtowc                           0x00000000   Number         0  stubs.o ABSOLUTE
    _printf_n                                0x00000000   Number         0  stubs.o ABSOLUTE
    _printf_o                                0x00000000   Number         0  stubs.o ABSOLUTE
    _printf_p                                0x00000000   Number         0  stubs.o ABSOLUTE
    _printf_percent                          0x00000000   Number         0  stubs.o ABSOLUTE
    _printf_pre_padding                      0x00000000   Number         0  stubs.o ABSOLUTE
    _printf_return_value                     0x00000000   Number         0  stubs.o ABSOLUTE
    _printf_s                                0x00000000   Number         0  stubs.o ABSOLUTE
    _printf_sizespec                         0x00000000   Number         0  stubs.o ABSOLUTE
    _printf_str                              0x00000000   Number         0  stubs.o ABSOLUTE
    _printf_truncate_signed                  0x00000000   Number         0  stubs.o ABSOLUTE
    _printf_truncate_unsigned                0x00000000   Number         0  stubs.o ABSOLUTE
    _printf_u                                0x00000000   Number         0  stubs.o ABSOLUTE
    _printf_wc                               0x00000000   Number         0  stubs.o ABSOLUTE
    _printf_wctomb                           0x00000000   Number         0  stubs.o ABSOLUTE
    _printf_widthprec                        0x00000000   Number         0  stubs.o ABSOLUTE
    _printf_x                                0x00000000   Number         0  stubs.o ABSOLUTE
    __arm_fini_                               - Undefined Weak Reference
    __cpp_initialize__aeabi_                  - Undefined Weak Reference
    __cxa_finalize                            - Undefined Weak Reference
    __decompress                              - Undefined Weak Reference
    _clock_init                               - Undefined Weak Reference
    _microlib_exit                            - Undefined Weak Reference
    _scanf_int                                - Undefined Weak Reference
    _scanf_longlong                           - Undefined Weak Reference
    _scanf_string                             - Undefined Weak Reference
    __Vectors_Size                           0x000001ac   Number         0  startup_stm32f427xx.o ABSOLUTE
    __Vectors                                0x08000000   Data           4  startup_stm32f427xx.o(RESET)
    __Vectors_End                            0x080001ac   Data           0  startup_stm32f427xx.o(RESET)
    __main                                   0x080001ad   Thumb Code     0  entry.o(.ARM.Collect$$$$00000000)
    _main_stk                                0x080001ad   Thumb Code     0  entry2.o(.ARM.Collect$$$$00000001)
    _main_scatterload                        0x080001b1   Thumb Code     0  entry5.o(.ARM.Collect$$$$00000004)
    __main_after_scatterload                 0x080001b5   Thumb Code     0  entry5.o(.ARM.Collect$$$$00000004)
    _main_clock                              0x080001b5   Thumb Code     0  entry7b.o(.ARM.Collect$$$$00000008)
    _main_cpp_init                           0x080001b5   Thumb Code     0  entry8b.o(.ARM.Collect$$$$0000000A)
    _main_init                               0x080001b5   Thumb Code     0  entry9a.o(.ARM.Collect$$$$0000000B)
    __rt_lib_shutdown_fini                   0x080001bd   Thumb Code     0  entry12b.o(.ARM.Collect$$$$0000000E)
    __rt_final_cpp                           0x080001c1   Thumb Code     0  entry10a.o(.ARM.Collect$$$$0000000F)
    __rt_final_exit                          0x080001c1   Thumb Code     0  entry11a.o(.ARM.Collect$$$$00000011)
    SVC_Handler                              0x080001c5   Thumb Code    28  port.o(.emb_text)
    __asm___6_port_c_39a90d8d__prvStartFirstTask 0x080001e5   Thumb Code    36  port.o(.emb_text)
    __asm___6_port_c_39a90d8d__prvEnableVFP  0x0800020d   Thumb Code    16  port.o(.emb_text)
    PendSV_Handler                           0x08000221   Thumb Code    88  port.o(.emb_text)
    vPortGetIPSR                             0x0800027d   Thumb Code     6  port.o(.emb_text)
    Reset_Handler                            0x08000285   Thumb Code     8  startup_stm32f427xx.o(.text)
    ADC_IRQHandler                           0x0800029f   Thumb Code     0  startup_stm32f427xx.o(.text)
    CAN1_RX0_IRQHandler                      0x0800029f   Thumb Code     0  startup_stm32f427xx.o(.text)
    CAN1_RX1_IRQHandler                      0x0800029f   Thumb Code     0  startup_stm32f427xx.o(.text)
    CAN1_SCE_IRQHandler                      0x0800029f   Thumb Code     0  startup_stm32f427xx.o(.text)
    CAN1_TX_IRQHandler                       0x0800029f   Thumb Code     0  startup_stm32f427xx.o(.text)
    CAN2_RX0_IRQHandler                      0x0800029f   Thumb Code     0  startup_stm32f427xx.o(.text)
    CAN2_RX1_IRQHandler                      0x0800029f   Thumb Code     0  startup_stm32f427xx.o(.text)
    CAN2_SCE_IRQHandler                      0x0800029f   Thumb Code     0  startup_stm32f427xx.o(.text)
    CAN2_TX_IRQHandler                       0x0800029f   Thumb Code     0  startup_stm32f427xx.o(.text)
    DCMI_IRQHandler                          0x0800029f   Thumb Code     0  startup_stm32f427xx.o(.text)
    DMA1_Stream0_IRQHandler                  0x0800029f   Thumb Code     0  startup_stm32f427xx.o(.text)
    DMA1_Stream1_IRQHandler                  0x0800029f   Thumb Code     0  startup_stm32f427xx.o(.text)
    DMA1_Stream2_IRQHandler                  0x0800029f   Thumb Code     0  startup_stm32f427xx.o(.text)
    DMA1_Stream3_IRQHandler                  0x0800029f   Thumb Code     0  startup_stm32f427xx.o(.text)
    DMA1_Stream4_IRQHandler                  0x0800029f   Thumb Code     0  startup_stm32f427xx.o(.text)
    DMA1_Stream5_IRQHandler                  0x0800029f   Thumb Code     0  startup_stm32f427xx.o(.text)
    DMA1_Stream6_IRQHandler                  0x0800029f   Thumb Code     0  startup_stm32f427xx.o(.text)
    DMA1_Stream7_IRQHandler                  0x0800029f   Thumb Code     0  startup_stm32f427xx.o(.text)
    DMA2D_IRQHandler                         0x0800029f   Thumb Code     0  startup_stm32f427xx.o(.text)
    DMA2_Stream0_IRQHandler                  0x0800029f   Thumb Code     0  startup_stm32f427xx.o(.text)
    DMA2_Stream1_IRQHandler                  0x0800029f   Thumb Code     0  startup_stm32f427xx.o(.text)
    DMA2_Stream2_IRQHandler                  0x0800029f   Thumb Code     0  startup_stm32f427xx.o(.text)
    DMA2_Stream3_IRQHandler                  0x0800029f   Thumb Code     0  startup_stm32f427xx.o(.text)
    DMA2_Stream4_IRQHandler                  0x0800029f   Thumb Code     0  startup_stm32f427xx.o(.text)
    DMA2_Stream5_IRQHandler                  0x0800029f   Thumb Code     0  startup_stm32f427xx.o(.text)
    DMA2_Stream6_IRQHandler                  0x0800029f   Thumb Code     0  startup_stm32f427xx.o(.text)
    DMA2_Stream7_IRQHandler                  0x0800029f   Thumb Code     0  startup_stm32f427xx.o(.text)
    ETH_IRQHandler                           0x0800029f   Thumb Code     0  startup_stm32f427xx.o(.text)
    ETH_WKUP_IRQHandler                      0x0800029f   Thumb Code     0  startup_stm32f427xx.o(.text)
    EXTI15_10_IRQHandler                     0x0800029f   Thumb Code     0  startup_stm32f427xx.o(.text)
    EXTI1_IRQHandler                         0x0800029f   Thumb Code     0  startup_stm32f427xx.o(.text)
    EXTI2_IRQHandler                         0x0800029f   Thumb Code     0  startup_stm32f427xx.o(.text)
    EXTI3_IRQHandler                         0x0800029f   Thumb Code     0  startup_stm32f427xx.o(.text)
    EXTI4_IRQHandler                         0x0800029f   Thumb Code     0  startup_stm32f427xx.o(.text)
    EXTI9_5_IRQHandler                       0x0800029f   Thumb Code     0  startup_stm32f427xx.o(.text)
    FLASH_IRQHandler                         0x0800029f   Thumb Code     0  startup_stm32f427xx.o(.text)
    FMC_IRQHandler                           0x0800029f   Thumb Code     0  startup_stm32f427xx.o(.text)
    FPU_IRQHandler                           0x0800029f   Thumb Code     0  startup_stm32f427xx.o(.text)
    HASH_RNG_IRQHandler                      0x0800029f   Thumb Code     0  startup_stm32f427xx.o(.text)
    I2C1_ER_IRQHandler                       0x0800029f   Thumb Code     0  startup_stm32f427xx.o(.text)
    I2C1_EV_IRQHandler                       0x0800029f   Thumb Code     0  startup_stm32f427xx.o(.text)
    I2C2_ER_IRQHandler                       0x0800029f   Thumb Code     0  startup_stm32f427xx.o(.text)
    I2C2_EV_IRQHandler                       0x0800029f   Thumb Code     0  startup_stm32f427xx.o(.text)
    I2C3_ER_IRQHandler                       0x0800029f   Thumb Code     0  startup_stm32f427xx.o(.text)
    I2C3_EV_IRQHandler                       0x0800029f   Thumb Code     0  startup_stm32f427xx.o(.text)
    OTG_FS_IRQHandler                        0x0800029f   Thumb Code     0  startup_stm32f427xx.o(.text)
    OTG_FS_WKUP_IRQHandler                   0x0800029f   Thumb Code     0  startup_stm32f427xx.o(.text)
    OTG_HS_EP1_IN_IRQHandler                 0x0800029f   Thumb Code     0  startup_stm32f427xx.o(.text)
    OTG_HS_EP1_OUT_IRQHandler                0x0800029f   Thumb Code     0  startup_stm32f427xx.o(.text)
    OTG_HS_IRQHandler                        0x0800029f   Thumb Code     0  startup_stm32f427xx.o(.text)
    OTG_HS_WKUP_IRQHandler                   0x0800029f   Thumb Code     0  startup_stm32f427xx.o(.text)
    PVD_IRQHandler                           0x0800029f   Thumb Code     0  startup_stm32f427xx.o(.text)
    RCC_IRQHandler                           0x0800029f   Thumb Code     0  startup_stm32f427xx.o(.text)
    RTC_Alarm_IRQHandler                     0x0800029f   Thumb Code     0  startup_stm32f427xx.o(.text)
    RTC_WKUP_IRQHandler                      0x0800029f   Thumb Code     0  startup_stm32f427xx.o(.text)
    SAI1_IRQHandler                          0x0800029f   Thumb Code     0  startup_stm32f427xx.o(.text)
    SDIO_IRQHandler                          0x0800029f   Thumb Code     0  startup_stm32f427xx.o(.text)
    SPI1_IRQHandler                          0x0800029f   Thumb Code     0  startup_stm32f427xx.o(.text)
    SPI2_IRQHandler                          0x0800029f   Thumb Code     0  startup_stm32f427xx.o(.text)
    SPI3_IRQHandler                          0x0800029f   Thumb Code     0  startup_stm32f427xx.o(.text)
    SPI4_IRQHandler                          0x0800029f   Thumb Code     0  startup_stm32f427xx.o(.text)
    SPI5_IRQHandler                          0x0800029f   Thumb Code     0  startup_stm32f427xx.o(.text)
    SPI6_IRQHandler                          0x0800029f   Thumb Code     0  startup_stm32f427xx.o(.text)
    TAMP_STAMP_IRQHandler                    0x0800029f   Thumb Code     0  startup_stm32f427xx.o(.text)
    TIM1_BRK_TIM9_IRQHandler                 0x0800029f   Thumb Code     0  startup_stm32f427xx.o(.text)
    TIM1_CC_IRQHandler                       0x0800029f   Thumb Code     0  startup_stm32f427xx.o(.text)
    TIM1_TRG_COM_TIM11_IRQHandler            0x0800029f   Thumb Code     0  startup_stm32f427xx.o(.text)
    TIM2_IRQHandler                          0x0800029f   Thumb Code     0  startup_stm32f427xx.o(.text)
    TIM3_IRQHandler                          0x0800029f   Thumb Code     0  startup_stm32f427xx.o(.text)
    TIM4_IRQHandler                          0x0800029f   Thumb Code     0  startup_stm32f427xx.o(.text)
    TIM5_IRQHandler                          0x0800029f   Thumb Code     0  startup_stm32f427xx.o(.text)
    TIM6_DAC_IRQHandler                      0x0800029f   Thumb Code     0  startup_stm32f427xx.o(.text)
    TIM7_IRQHandler                          0x0800029f   Thumb Code     0  startup_stm32f427xx.o(.text)
    TIM8_CC_IRQHandler                       0x0800029f   Thumb Code     0  startup_stm32f427xx.o(.text)
    TIM8_TRG_COM_TIM14_IRQHandler            0x0800029f   Thumb Code     0  startup_stm32f427xx.o(.text)
    TIM8_UP_TIM13_IRQHandler                 0x0800029f   Thumb Code     0  startup_stm32f427xx.o(.text)
    UART4_IRQHandler                         0x0800029f   Thumb Code     0  startup_stm32f427xx.o(.text)
    UART5_IRQHandler                         0x0800029f   Thumb Code     0  startup_stm32f427xx.o(.text)
    USART1_IRQHandler                        0x0800029f   Thumb Code     0  startup_stm32f427xx.o(.text)
    USART2_IRQHandler                        0x0800029f   Thumb Code     0  startup_stm32f427xx.o(.text)
    USART3_IRQHandler                        0x0800029f   Thumb Code     0  startup_stm32f427xx.o(.text)
    USART6_IRQHandler                        0x0800029f   Thumb Code     0  startup_stm32f427xx.o(.text)
    WWDG_IRQHandler                          0x0800029f   Thumb Code     0  startup_stm32f427xx.o(.text)
    __aeabi_uldivmod                         0x080002a9   Thumb Code    98  uldiv.o(.text)
    tolower                                  0x0800030b   Thumb Code    12  tolower.o(.text)
    __aeabi_memcpy                           0x08000317   Thumb Code    36  memcpya.o(.text)
    __aeabi_memcpy4                          0x08000317   Thumb Code     0  memcpya.o(.text)
    __aeabi_memcpy8                          0x08000317   Thumb Code     0  memcpya.o(.text)
    __aeabi_memset                           0x0800033b   Thumb Code    14  memseta.o(.text)
    __aeabi_memset4                          0x0800033b   Thumb Code     0  memseta.o(.text)
    __aeabi_memset8                          0x0800033b   Thumb Code     0  memseta.o(.text)
    __aeabi_memclr                           0x08000349   Thumb Code     4  memseta.o(.text)
    __aeabi_memclr4                          0x08000349   Thumb Code     0  memseta.o(.text)
    __aeabi_memclr8                          0x08000349   Thumb Code     0  memseta.o(.text)
    memset                                   0x0800034d   Thumb Code    18  memseta.o(.text)
    strlen                                   0x0800035f   Thumb Code    14  strlen.o(.text)
    strcmp                                   0x0800036d   Thumb Code    28  strcmp.o(.text)
    strncmp                                  0x08000389   Thumb Code    30  strncmp.o(.text)
    _scanf_real                              0x080004d1   Thumb Code     0  scanf_fp.o(.text)
    _scanf_really_real                       0x080004d1   Thumb Code   556  scanf_fp.o(.text)
    __aeabi_dadd                             0x08000709   Thumb Code   322  dadd.o(.text)
    __aeabi_dsub                             0x0800084b   Thumb Code     6  dadd.o(.text)
    __aeabi_drsub                            0x08000851   Thumb Code     6  dadd.o(.text)
    __aeabi_dmul                             0x08000857   Thumb Code   228  dmul.o(.text)
    __aeabi_ui2d                             0x0800093b   Thumb Code    26  dfltui.o(.text)
    __aeabi_d2iz                             0x08000955   Thumb Code    62  dfixi.o(.text)
    __aeabi_cdcmpeq                          0x08000995   Thumb Code     0  cdcmple.o(.text)
    __aeabi_cdcmple                          0x08000995   Thumb Code    48  cdcmple.o(.text)
    __aeabi_cdrcmple                         0x080009c5   Thumb Code    48  cdrcmple.o(.text)
    __aeabi_d2f                              0x080009f5   Thumb Code    56  d2f.o(.text)
    __aeabi_uidiv                            0x08000a2d   Thumb Code     0  uidiv.o(.text)
    __aeabi_uidivmod                         0x08000a2d   Thumb Code    44  uidiv.o(.text)
    __aeabi_llsl                             0x08000a59   Thumb Code    30  llshl.o(.text)
    _ll_shift_l                              0x08000a59   Thumb Code     0  llshl.o(.text)
    __aeabi_llsr                             0x08000a77   Thumb Code    32  llushr.o(.text)
    _ll_ushift_r                             0x08000a77   Thumb Code     0  llushr.o(.text)
    __aeabi_lasr                             0x08000a97   Thumb Code    36  llsshr.o(.text)
    _ll_sshift_r                             0x08000a97   Thumb Code     0  llsshr.o(.text)
    _sgetc                                   0x08000abb   Thumb Code    30  _sgetc.o(.text)
    _sbackspace                              0x08000ad9   Thumb Code    34  _sgetc.o(.text)
    __strtod_int                             0x08000b33   Thumb Code    90  strtod.o(.text)
    __I$use$fp                               0x08000b99   Thumb Code     0  iusefp.o(.text)
    _float_round                             0x08000b99   Thumb Code    18  fepilogue.o(.text)
    _float_epilogue                          0x08000bab   Thumb Code    92  fepilogue.o(.text)
    _double_round                            0x08000c07   Thumb Code    30  depilogue.o(.text)
    _double_epilogue                         0x08000c25   Thumb Code   156  depilogue.o(.text)
    __aeabi_ddiv                             0x08000cc1   Thumb Code   222  ddiv.o(.text)
    __aeabi_ul2d                             0x08000d9f   Thumb Code    24  dfltul.o(.text)
    __aeabi_d2ulz                            0x08000db7   Thumb Code    48  dfixul.o(.text)
    __scatterload                            0x08000de9   Thumb Code    28  init.o(.text)
    __scatterload_rt2                        0x08000de9   Thumb Code     0  init.o(.text)
    isspace                                  0x08000e0d   Thumb Code    10  isspace_c.o(.text)
    __ctype_lookup                           0x08000e19   Thumb Code    34  ctype_c.o(.text)
    BusFault_Handler                         0x08000e41   Thumb Code     2  stm32f4xx_it.o(i.BusFault_Handler)
    DebugMon_Handler                         0x08000e43   Thumb Code     2  stm32f4xx_it.o(i.DebugMon_Handler)
    EXTI0_IRQHandler                         0x08000e45   Thumb Code     6  stm32f4xx_it.o(i.EXTI0_IRQHandler)
    Error_Handler                            0x08000e4b   Thumb Code     4  main.o(i.Error_Handler)
    HAL_DMA_Abort                            0x08000e4f   Thumb Code   146  stm32f4xx_hal_dma.o(i.HAL_DMA_Abort)
    HAL_DMA_Abort_IT                         0x08000ee1   Thumb Code    36  stm32f4xx_hal_dma.o(i.HAL_DMA_Abort_IT)
    HAL_GPIO_EXTI_Callback                   0x08000f05   Thumb Code    46  sr04.o(i.HAL_GPIO_EXTI_Callback)
    HAL_GPIO_EXTI_IRQHandler                 0x08000f3d   Thumb Code    18  stm32f4xx_hal_gpio.o(i.HAL_GPIO_EXTI_IRQHandler)
    HAL_GPIO_Init                            0x08000f55   Thumb Code   510  stm32f4xx_hal_gpio.o(i.HAL_GPIO_Init)
    HAL_GPIO_WritePin                        0x08001189   Thumb Code    10  stm32f4xx_hal_gpio.o(i.HAL_GPIO_WritePin)
    HAL_GetTick                              0x08001195   Thumb Code     6  stm32f4xx_hal.o(i.HAL_GetTick)
    HAL_IncTick                              0x080011a1   Thumb Code    12  stm32f4xx_hal.o(i.HAL_IncTick)
    HAL_Init                                 0x080011b1   Thumb Code    48  stm32f4xx_hal.o(i.HAL_Init)
    HAL_InitTick                             0x080011e5   Thumb Code   120  stm32f4xx_hal_timebase_tim.o(i.HAL_InitTick)
    HAL_MspInit                              0x08001271   Thumb Code    52  stm32f4xx_hal_msp.o(i.HAL_MspInit)
    HAL_NVIC_EnableIRQ                       0x080012a9   Thumb Code    26  stm32f4xx_hal_cortex.o(i.HAL_NVIC_EnableIRQ)
    HAL_NVIC_SetPriority                     0x080012c5   Thumb Code    60  stm32f4xx_hal_cortex.o(i.HAL_NVIC_SetPriority)
    HAL_NVIC_SetPriorityGrouping             0x08001305   Thumb Code    26  stm32f4xx_hal_cortex.o(i.HAL_NVIC_SetPriorityGrouping)
    HAL_PWREx_EnableOverDrive                0x08001329   Thumb Code    98  stm32f4xx_hal_pwr_ex.o(i.HAL_PWREx_EnableOverDrive)
    HAL_RCC_ClockConfig                      0x08001399   Thumb Code   288  stm32f4xx_hal_rcc.o(i.HAL_RCC_ClockConfig)
    HAL_RCC_GetClockConfig                   0x080014cd   Thumb Code    54  stm32f4xx_hal_rcc.o(i.HAL_RCC_GetClockConfig)
    HAL_RCC_GetPCLK1Freq                     0x0800150d   Thumb Code    20  stm32f4xx_hal_rcc.o(i.HAL_RCC_GetPCLK1Freq)
    HAL_RCC_GetPCLK2Freq                     0x0800152d   Thumb Code    20  stm32f4xx_hal_rcc.o(i.HAL_RCC_GetPCLK2Freq)
    HAL_RCC_GetSysClockFreq                  0x0800154d   Thumb Code    88  stm32f4xx_hal_rcc.o(i.HAL_RCC_GetSysClockFreq)
    HAL_RCC_OscConfig                        0x080015b1   Thumb Code   856  stm32f4xx_hal_rcc.o(i.HAL_RCC_OscConfig)
    HAL_TIMEx_BreakCallback                  0x0800191d   Thumb Code     2  stm32f4xx_hal_tim_ex.o(i.HAL_TIMEx_BreakCallback)
    HAL_TIMEx_CommutCallback                 0x0800191f   Thumb Code     2  stm32f4xx_hal_tim_ex.o(i.HAL_TIMEx_CommutCallback)
    HAL_TIMEx_MasterConfigSynchronization    0x08001921   Thumb Code   116  stm32f4xx_hal_tim_ex.o(i.HAL_TIMEx_MasterConfigSynchronization)
    HAL_TIM_Base_Init                        0x080019b1   Thumb Code    90  stm32f4xx_hal_tim.o(i.HAL_TIM_Base_Init)
    HAL_TIM_Base_MspInit                     0x08001a0d   Thumb Code    98  tim.o(i.HAL_TIM_Base_MspInit)
    HAL_TIM_Base_Start                       0x08001a81   Thumb Code    90  stm32f4xx_hal_tim.o(i.HAL_TIM_Base_Start)
    HAL_TIM_Base_Start_IT                    0x08001af9   Thumb Code   100  stm32f4xx_hal_tim.o(i.HAL_TIM_Base_Start_IT)
    HAL_TIM_Base_Stop                        0x08001b79   Thumb Code    38  stm32f4xx_hal_tim.o(i.HAL_TIM_Base_Stop)
    HAL_TIM_ConfigClockSource                0x08001b9f   Thumb Code   220  stm32f4xx_hal_tim.o(i.HAL_TIM_ConfigClockSource)
    HAL_TIM_IC_CaptureCallback               0x08001c7b   Thumb Code     2  stm32f4xx_hal_tim.o(i.HAL_TIM_IC_CaptureCallback)
    HAL_TIM_IRQHandler                       0x08001c7d   Thumb Code   304  stm32f4xx_hal_tim.o(i.HAL_TIM_IRQHandler)
    HAL_TIM_MspPostInit                      0x08001dad   Thumb Code   144  tim.o(i.HAL_TIM_MspPostInit)
    HAL_TIM_OC_DelayElapsedCallback          0x08001e55   Thumb Code     2  stm32f4xx_hal_tim.o(i.HAL_TIM_OC_DelayElapsedCallback)
    HAL_TIM_PWM_ConfigChannel                0x08001e57   Thumb Code   204  stm32f4xx_hal_tim.o(i.HAL_TIM_PWM_ConfigChannel)
    HAL_TIM_PWM_Init                         0x08001f23   Thumb Code    90  stm32f4xx_hal_tim.o(i.HAL_TIM_PWM_Init)
    HAL_TIM_PWM_MspInit                      0x08001f7d   Thumb Code     2  stm32f4xx_hal_tim.o(i.HAL_TIM_PWM_MspInit)
    HAL_TIM_PWM_PulseFinishedCallback        0x08001f7f   Thumb Code     2  stm32f4xx_hal_tim.o(i.HAL_TIM_PWM_PulseFinishedCallback)
    HAL_TIM_PeriodElapsedCallback            0x08001f81   Thumb Code    14  main.o(i.HAL_TIM_PeriodElapsedCallback)
    HAL_TIM_TriggerCallback                  0x08001f95   Thumb Code     2  stm32f4xx_hal_tim.o(i.HAL_TIM_TriggerCallback)
    HAL_UARTEx_RxEventCallback               0x08001f97   Thumb Code     2  stm32f4xx_hal_uart.o(i.HAL_UARTEx_RxEventCallback)
    HAL_UART_ErrorCallback                   0x08001f99   Thumb Code     2  stm32f4xx_hal_uart.o(i.HAL_UART_ErrorCallback)
    HAL_UART_IRQHandler                      0x08001f9d   Thumb Code   618  stm32f4xx_hal_uart.o(i.HAL_UART_IRQHandler)
    HAL_UART_Init                            0x0800220d   Thumb Code   100  stm32f4xx_hal_uart.o(i.HAL_UART_Init)
    HAL_UART_MspInit                         0x08002271   Thumb Code   178  usart.o(i.HAL_UART_MspInit)
    HAL_UART_Receive_IT                      0x08002339   Thumb Code    28  stm32f4xx_hal_uart.o(i.HAL_UART_Receive_IT)
    HAL_UART_RxCpltCallback                  0x08002355   Thumb Code   112  connect.o(i.HAL_UART_RxCpltCallback)
    HAL_UART_Transmit                        0x080023d1   Thumb Code   160  stm32f4xx_hal_uart.o(i.HAL_UART_Transmit)
    HAL_UART_TxCpltCallback                  0x08002471   Thumb Code     2  stm32f4xx_hal_uart.o(i.HAL_UART_TxCpltCallback)
    HardFault_Handler                        0x08002473   Thumb Code     2  stm32f4xx_it.o(i.HardFault_Handler)
    MX_FREERTOS_Init                         0x08002475   Thumb Code    40  freertos.o(i.MX_FREERTOS_Init)
    MX_GPIO_Init                             0x080024ad   Thumb Code   314  gpio.o(i.MX_GPIO_Init)
    MX_TIM4_Init                             0x080025fd   Thumb Code   192  tim.o(i.MX_TIM4_Init)
    MX_TIM5_Init                             0x080026c5   Thumb Code   192  tim.o(i.MX_TIM5_Init)
    MX_TIM8_Init                             0x0800278d   Thumb Code    98  tim.o(i.MX_TIM8_Init)
    MX_UART7_Init                            0x080027f9   Thumb Code    48  usart.o(i.MX_UART7_Init)
    MX_UART8_Init                            0x08002831   Thumb Code    48  usart.o(i.MX_UART8_Init)
    MemManage_Handler                        0x08002869   Thumb Code     2  stm32f4xx_it.o(i.MemManage_Handler)
    NMI_Handler                              0x0800286b   Thumb Code     2  stm32f4xx_it.o(i.NMI_Handler)
    SR04_init                                0x0800286d   Thumb Code    92  sr04.o(i.SR04_init)
    StartDefaultTask                         0x080028dd   Thumb Code    32  freertos.o(i.StartDefaultTask)
    StartTask02                              0x08002921   Thumb Code    38  freertos.o(i.StartTask02)
    SysTick_Handler                          0x0800296d   Thumb Code    26  cmsis_os2.o(i.SysTick_Handler)
    SystemClock_Config                       0x08002989   Thumb Code   150  main.o(i.SystemClock_Config)
    SystemInit                               0x08002a29   Thumb Code    12  system_stm32f4xx.o(i.SystemInit)
    TIM1_UP_TIM10_IRQHandler                 0x08002a39   Thumb Code     6  stm32f4xx_it.o(i.TIM1_UP_TIM10_IRQHandler)
    TIM8_BRK_TIM12_IRQHandler                0x08002a45   Thumb Code     6  stm32f4xx_it.o(i.TIM8_BRK_TIM12_IRQHandler)
    TIM_Base_SetConfig                       0x08002a51   Thumb Code   170  stm32f4xx_hal_tim.o(i.TIM_Base_SetConfig)
    TIM_ETR_SetConfig                        0x08002b29   Thumb Code    20  stm32f4xx_hal_tim.o(i.TIM_ETR_SetConfig)
    TIM_OC2_SetConfig                        0x08002bad   Thumb Code    98  stm32f4xx_hal_tim.o(i.TIM_OC2_SetConfig)
    UART7_IRQHandler                         0x08002d19   Thumb Code     6  stm32f4xx_it.o(i.UART7_IRQHandler)
    UART8_IRQHandler                         0x08002d25   Thumb Code     6  stm32f4xx_it.o(i.UART8_IRQHandler)
    UART_Start_Receive_IT                    0x08002f5d   Thumb Code    54  stm32f4xx_hal_uart.o(i.UART_Start_Receive_IT)
    UsageFault_Handler                       0x08003005   Thumb Code     2  stm32f4xx_it.o(i.UsageFault_Handler)
    __0printf                                0x08003009   Thumb Code    22  printfa.o(i.__0printf)
    __1printf                                0x08003009   Thumb Code     0  printfa.o(i.__0printf)
    __2printf                                0x08003009   Thumb Code     0  printfa.o(i.__0printf)
    __c89printf                              0x08003009   Thumb Code     0  printfa.o(i.__0printf)
    printf                                   0x08003009   Thumb Code     0  printfa.o(i.__0printf)
    free                                     0x08003049   Thumb Code    88  mallocr.o(i.__free$realloc)
    __hardfp_strtod                          0x080030a9   Thumb Code    30  strtod.o(i.__hardfp_strtod)
    malloc                                   0x080030d1   Thumb Code    64  mallocr.o(i.__malloc$realloc)
    __scatterload_copy                       0x08003121   Thumb Code    14  handlers.o(i.__scatterload_copy)
    __scatterload_null                       0x0800312f   Thumb Code     2  handlers.o(i.__scatterload_null)
    __scatterload_zeroinit                   0x08003131   Thumb Code    14  handlers.o(i.__scatterload_zeroinit)
    _is_digit                                0x080032c5   Thumb Code    14  scanf_fp.o(i._is_digit)
    cJSON_Delete                             0x08003a0d   Thumb Code    76  cjson.o(i.cJSON_Delete)
    cJSON_GetObjectItem                      0x08003a5d   Thumb Code     6  cjson.o(i.cJSON_GetObjectItem)
    cJSON_Parse                              0x08003a79   Thumb Code     8  cjson.o(i.cJSON_Parse)
    cJSON_ParseWithLengthOpts                0x08003a81   Thumb Code   210  cjson.o(i.cJSON_ParseWithLengthOpts)
    cJSON_ParseWithOpts                      0x08003b5d   Thumb Code    34  cjson.o(i.cJSON_ParseWithOpts)
    connectInit                              0x08003b81   Thumb Code     8  connect.o(i.connectInit)
    delay_us                                 0x08003b8d   Thumb Code    76  sr04.o(i.delay_us)
    dumpReset                                0x08003bdd   Thumb Code    40  control.o(i.dumpReset)
    dumpTrash                                0x08003c09   Thumb Code   106  control.o(i.dumpTrash)
    fputc                                    0x08003c81   Thumb Code    24  main.o(i.fputc)
    getDistance                              0x08003c9d   Thumb Code    66  sr04.o(i.getDistance)
    isFull                                   0x08003db9   Thumb Code    88  control.o(i.isFull)
    main                                     0x08003e25   Thumb Code    62  main.o(i.main)
    osKernelInitialize                       0x08003e79   Thumb Code    32  cmsis_os2.o(i.osKernelInitialize)
    osKernelStart                            0x08003e9d   Thumb Code    48  cmsis_os2.o(i.osKernelStart)
    osThreadFlagsSet                         0x08003ed5   Thumb Code   110  cmsis_os2.o(i.osThreadFlagsSet)
    osThreadFlagsWait                        0x08003f49   Thumb Code   150  cmsis_os2.o(i.osThreadFlagsWait)
    osThreadNew                              0x08003fe1   Thumb Code   138  cmsis_os2.o(i.osThreadNew)
    pvPortMalloc                             0x08004d29   Thumb Code   216  heap_4.o(i.pvPortMalloc)
    pxPortInitialiseStack                    0x08004e05   Thumb Code    40  port.o(i.pxPortInitialiseStack)
    realloc                                  0x08004e31   Thumb Code   102  mallocr.o(i.realloc)
    receive                                  0x08004e9d   Thumb Code    80  connect.o(i.receive)
    setDegree                                0x08004f09   Thumb Code    52  steer.o(i.setDegree)
    uxListRemove                             0x08005013   Thumb Code    38  list.o(i.uxListRemove)
    vApplicationGetIdleTaskMemory            0x08005039   Thumb Code    16  cmsis_os2.o(i.vApplicationGetIdleTaskMemory)
    vApplicationGetTimerTaskMemory           0x0800504d   Thumb Code    18  cmsis_os2.o(i.vApplicationGetTimerTaskMemory)
    vListInitialise                          0x08005065   Thumb Code    22  list.o(i.vListInitialise)
    vListInitialiseItem                      0x0800507b   Thumb Code     6  list.o(i.vListInitialiseItem)
    vListInsert                              0x08005081   Thumb Code    48  list.o(i.vListInsert)
    vListInsertEnd                           0x080050b1   Thumb Code    24  list.o(i.vListInsertEnd)
    vPortEnterCritical                       0x080050c9   Thumb Code    54  port.o(i.vPortEnterCritical)
    vPortExitCritical                        0x08005109   Thumb Code    34  port.o(i.vPortExitCritical)
    vPortFree                                0x08005131   Thumb Code    94  heap_4.o(i.vPortFree)
    vPortSetupTimerInterrupt                 0x08005195   Thumb Code    32  port.o(i.vPortSetupTimerInterrupt)
    vPortValidateInterruptPriority           0x080051b9   Thumb Code    74  port.o(i.vPortValidateInterruptPriority)
    vQueueAddToRegistry                      0x0800520d   Thumb Code    34  queue.o(i.vQueueAddToRegistry)
    vQueueWaitForMessageRestricted           0x08005235   Thumb Code    68  queue.o(i.vQueueWaitForMessageRestricted)
    vTaskDelay                               0x08005279   Thumb Code    66  tasks.o(i.vTaskDelay)
    vTaskInternalSetTimeOutState             0x080052c5   Thumb Code    12  tasks.o(i.vTaskInternalSetTimeOutState)
    vTaskMissedYield                         0x080052d5   Thumb Code     8  tasks.o(i.vTaskMissedYield)
    vTaskPlaceOnEventList                    0x080052e1   Thumb Code    44  tasks.o(i.vTaskPlaceOnEventList)
    vTaskPlaceOnEventListRestricted          0x08005311   Thumb Code    52  tasks.o(i.vTaskPlaceOnEventListRestricted)
    vTaskStartScheduler                      0x08005349   Thumb Code   118  tasks.o(i.vTaskStartScheduler)
    vTaskSuspendAll                          0x080053d1   Thumb Code    10  tasks.o(i.vTaskSuspendAll)
    vTaskSwitchContext                       0x080053e1   Thumb Code    90  tasks.o(i.vTaskSwitchContext)
    xPortStartScheduler                      0x08005445   Thumb Code   222  port.o(i.xPortStartScheduler)
    xPortSysTickHandler                      0x08005539   Thumb Code    38  port.o(i.xPortSysTickHandler)
    xQueueGenericCreateStatic                0x08005565   Thumb Code   102  queue.o(i.xQueueGenericCreateStatic)
    xQueueGenericReset                       0x080055cd   Thumb Code   132  queue.o(i.xQueueGenericReset)
    xQueueGenericSend                        0x08005655   Thumb Code   346  queue.o(i.xQueueGenericSend)
    xQueueGenericSendFromISR                 0x080057b5   Thumb Code   190  queue.o(i.xQueueGenericSendFromISR)
    xQueueReceive                            0x08005875   Thumb Code   308  queue.o(i.xQueueReceive)
    xTaskCheckForTimeOut                     0x080059ad   Thumb Code   112  tasks.o(i.xTaskCheckForTimeOut)
    xTaskCreate                              0x08005a21   Thumb Code    90  tasks.o(i.xTaskCreate)
    xTaskCreateStatic                        0x08005a7b   Thumb Code    86  tasks.o(i.xTaskCreateStatic)
    xTaskGenericNotify                       0x08005ad1   Thumb Code   210  tasks.o(i.xTaskGenericNotify)
    xTaskGenericNotifyFromISR                0x08005bb1   Thumb Code   246  tasks.o(i.xTaskGenericNotifyFromISR)
    xTaskGetSchedulerState                   0x08005cb5   Thumb Code    22  tasks.o(i.xTaskGetSchedulerState)
    xTaskGetTickCount                        0x08005cd1   Thumb Code     6  tasks.o(i.xTaskGetTickCount)
    xTaskIncrementTick                       0x08005cdd   Thumb Code   192  tasks.o(i.xTaskIncrementTick)
    xTaskNotifyWait                          0x08005da5   Thumb Code   130  tasks.o(i.xTaskNotifyWait)
    xTaskPriorityDisinherit                  0x08005e31   Thumb Code   118  tasks.o(i.xTaskPriorityDisinherit)
    xTaskRemoveFromEventList                 0x08005eb1   Thumb Code    98  tasks.o(i.xTaskRemoveFromEventList)
    xTaskResumeAll                           0x08005f21   Thumb Code   182  tasks.o(i.xTaskResumeAll)
    xTimerCreateTimerTask                    0x08005fe5   Thumb Code    78  timers.o(i.xTimerCreateTimerTask)
    xTimerGenericCommand                     0x08006045   Thumb Code    98  timers.o(i.xTimerGenericCommand)
    defaultTask_attributes                   0x080060ac   Data          36  freertos.o(.constdata)
    cloudPlatform_attributes                 0x080060d0   Data          36  freertos.o(.constdata)
    AHBPrescTable                            0x080060f4   Data          16  system_stm32f4xx.o(.constdata)
    APBPrescTable                            0x08006104   Data           8  system_stm32f4xx.o(.constdata)
    __ctype_categories                       0x0800610c   Data          64  ctype_c.o(.constdata)
    Region$$Table$$Base                      0x08006168   Number         0  anon$$obj.o(Region$$Table)
    Region$$Table$$Limit                     0x08006188   Number         0  anon$$obj.o(Region$$Table)
    top                                      0x20000008   Data           4  steer.o(.data)
    bottom                                   0x2000000c   Data           4  steer.o(.data)
    around                                   0x20000010   Data           4  steer.o(.data)
    flag                                     0x20000014   Data           1  sr04.o(.data)
    timeCount                                0x20000018   Data           4  sr04.o(.data)
    recycle                                  0x2000001c   Data           4  sr04.o(.data)
    harmful                                  0x20000020   Data           4  sr04.o(.data)
    kitchen                                  0x20000024   Data           4  sr04.o(.data)
    other                                    0x20000028   Data           4  sr04.o(.data)
    ReceiveIndex                             0x2000002c   Data           1  connect.o(.data)
    copyFlag                                 0x2000002d   Data           1  connect.o(.data)
    ReceiveBuf                               0x2000002e   Data           1  connect.o(.data)
    Detection                                0x20000044   Data           1  freertos.o(.data)
    Info                                     0x20000048   Data           4  freertos.o(.data)
    defaultTaskHandle                        0x2000004c   Data           4  freertos.o(.data)
    cloudPlatformHandle                      0x20000050   Data           4  freertos.o(.data)
    uwTickFreq                               0x20000054   Data           1  stm32f4xx_hal.o(.data)
    uwTickPrio                               0x20000058   Data           4  stm32f4xx_hal.o(.data)
    uwTick                                   0x2000005c   Data           4  stm32f4xx_hal.o(.data)
    SystemCoreClock                          0x20000060   Data           4  system_stm32f4xx.o(.data)
    pxCurrentTCB                             0x20000064   Data           4  tasks.o(.data)
    __stdout                                 0x200000e4   Data           4  stdout.o(.data)
    __microlib_freelist                      0x200000e8   Data           4  mvars.o(.data)
    __microlib_freelist_initialised          0x200000ec   Data           4  mvars.o(.data)
    ReceiveArray                             0x200000f0   Data          50  connect.o(.bss)
    DATA                                     0x20000122   Data          50  connect.o(.bss)
    htim4                                    0x20000154   Data          72  tim.o(.bss)
    htim5                                    0x2000019c   Data          72  tim.o(.bss)
    htim8                                    0x200001e4   Data          72  tim.o(.bss)
    huart7                                   0x2000022c   Data          72  usart.o(.bss)
    huart8                                   0x20000274   Data          72  usart.o(.bss)
    htim1                                    0x200002bc   Data          72  stm32f4xx_hal_timebase_tim.o(.bss)
    xQueueRegistry                           0x20000304   Data          64  queue.o(.bss)
    __heap_base                              0x20004bd8   Data           0  startup_stm32f427xx.o(HEAP)
    __heap_limit                             0x20004dd8   Data           0  startup_stm32f427xx.o(HEAP)
    __initial_sp                             0x200051d8   Data           0  startup_stm32f427xx.o(STACK)



==============================================================================

Memory Map of the image

  Image Entry point : 0x080001ad

  Load Region LR_IROM1 (Base: 0x08000000, Size: 0x00006278, Max: 0x00200000, ABSOLUTE)

    Execution Region ER_IROM1 (Exec base: 0x08000000, Load base: 0x08000000, Size: 0x00006188, Max: 0x00200000, ABSOLUTE)

    Exec Addr    Load Addr    Size         Type   Attr      Idx    E Section Name        Object

    0x08000000   0x08000000   0x000001ac   Data   RO            3    RESET               startup_stm32f427xx.o
    0x080001ac   0x080001ac   0x00000000   Code   RO         5936  * .ARM.Collect$$$$00000000  mc_w.l(entry.o)
    0x080001ac   0x080001ac   0x00000004   Code   RO         6276    .ARM.Collect$$$$00000001  mc_w.l(entry2.o)
    0x080001b0   0x080001b0   0x00000004   Code   RO         6279    .ARM.Collect$$$$00000004  mc_w.l(entry5.o)
    0x080001b4   0x080001b4   0x00000000   Code   RO         6281    .ARM.Collect$$$$00000008  mc_w.l(entry7b.o)
    0x080001b4   0x080001b4   0x00000000   Code   RO         6283    .ARM.Collect$$$$0000000A  mc_w.l(entry8b.o)
    0x080001b4   0x080001b4   0x00000008   Code   RO         6284    .ARM.Collect$$$$0000000B  mc_w.l(entry9a.o)
    0x080001bc   0x080001bc   0x00000004   Code   RO         6291    .ARM.Collect$$$$0000000E  mc_w.l(entry12b.o)
    0x080001c0   0x080001c0   0x00000000   Code   RO         6286    .ARM.Collect$$$$0000000F  mc_w.l(entry10a.o)
    0x080001c0   0x080001c0   0x00000000   Code   RO         6288    .ARM.Collect$$$$00000011  mc_w.l(entry11a.o)
    0x080001c0   0x080001c0   0x00000004   Code   RO         6277    .ARM.Collect$$$$00002712  mc_w.l(entry2.o)
    0x080001c4   0x080001c4   0x000000be   Code   RO         5847    .emb_text           port.o
    0x08000282   0x08000282   0x00000002   PAD
    0x08000284   0x08000284   0x00000024   Code   RO            4    .text               startup_stm32f427xx.o
    0x080002a8   0x080002a8   0x00000062   Code   RO         5939    .text               mc_w.l(uldiv.o)
    0x0800030a   0x0800030a   0x0000000c   Code   RO         5941    .text               mc_w.l(tolower.o)
    0x08000316   0x08000316   0x00000024   Code   RO         5943    .text               mc_w.l(memcpya.o)
    0x0800033a   0x0800033a   0x00000024   Code   RO         5947    .text               mc_w.l(memseta.o)
    0x0800035e   0x0800035e   0x0000000e   Code   RO         5951    .text               mc_w.l(strlen.o)
    0x0800036c   0x0800036c   0x0000001c   Code   RO         5953    .text               mc_w.l(strcmp.o)
    0x08000388   0x08000388   0x0000001e   Code   RO         5957    .text               mc_w.l(strncmp.o)
    0x080003a6   0x080003a6   0x00000002   PAD
    0x080003a8   0x080003a8   0x00000360   Code   RO         6254    .text               mc_w.l(scanf_fp.o)
    0x08000708   0x08000708   0x0000014e   Code   RO         6258    .text               mf_w.l(dadd.o)
    0x08000856   0x08000856   0x000000e4   Code   RO         6260    .text               mf_w.l(dmul.o)
    0x0800093a   0x0800093a   0x0000001a   Code   RO         6264    .text               mf_w.l(dfltui.o)
    0x08000954   0x08000954   0x0000003e   Code   RO         6266    .text               mf_w.l(dfixi.o)
    0x08000992   0x08000992   0x00000002   PAD
    0x08000994   0x08000994   0x00000030   Code   RO         6270    .text               mf_w.l(cdcmple.o)
    0x080009c4   0x080009c4   0x00000030   Code   RO         6272    .text               mf_w.l(cdrcmple.o)
    0x080009f4   0x080009f4   0x00000038   Code   RO         6274    .text               mf_w.l(d2f.o)
    0x08000a2c   0x08000a2c   0x0000002c   Code   RO         6293    .text               mc_w.l(uidiv.o)
    0x08000a58   0x08000a58   0x0000001e   Code   RO         6295    .text               mc_w.l(llshl.o)
    0x08000a76   0x08000a76   0x00000020   Code   RO         6297    .text               mc_w.l(llushr.o)
    0x08000a96   0x08000a96   0x00000024   Code   RO         6299    .text               mc_w.l(llsshr.o)
    0x08000aba   0x08000aba   0x00000040   Code   RO         6305    .text               mc_w.l(_sgetc.o)
    0x08000afa   0x08000afa   0x00000002   PAD
    0x08000afc   0x08000afc   0x0000009c   Code   RO         6307    .text               mc_w.l(strtod.o)
    0x08000b98   0x08000b98   0x00000000   Code   RO         6309    .text               mc_w.l(iusefp.o)
    0x08000b98   0x08000b98   0x0000006e   Code   RO         6310    .text               mf_w.l(fepilogue.o)
    0x08000c06   0x08000c06   0x000000ba   Code   RO         6312    .text               mf_w.l(depilogue.o)
    0x08000cc0   0x08000cc0   0x000000de   Code   RO         6314    .text               mf_w.l(ddiv.o)
    0x08000d9e   0x08000d9e   0x00000018   Code   RO         6316    .text               mf_w.l(dfltul.o)
    0x08000db6   0x08000db6   0x00000030   Code   RO         6318    .text               mf_w.l(dfixul.o)
    0x08000de6   0x08000de6   0x00000002   PAD
    0x08000de8   0x08000de8   0x00000024   Code   RO         6320    .text               mc_w.l(init.o)
    0x08000e0c   0x08000e0c   0x0000000a   Code   RO         6322    .text               mc_w.l(isspace_c.o)
    0x08000e16   0x08000e16   0x00000002   PAD
    0x08000e18   0x08000e18   0x00000028   Code   RO         6326    .text               mc_w.l(ctype_c.o)
    0x08000e40   0x08000e40   0x00000002   Code   RO         1415    i.BusFault_Handler  stm32f4xx_it.o
    0x08000e42   0x08000e42   0x00000002   Code   RO         1416    i.DebugMon_Handler  stm32f4xx_it.o
    0x08000e44   0x08000e44   0x00000006   Code   RO         1417    i.EXTI0_IRQHandler  stm32f4xx_it.o
    0x08000e4a   0x08000e4a   0x00000004   Code   RO         1182    i.Error_Handler     main.o
    0x08000e4e   0x08000e4e   0x00000092   Code   RO         2080    i.HAL_DMA_Abort     stm32f4xx_hal_dma.o
    0x08000ee0   0x08000ee0   0x00000024   Code   RO         2081    i.HAL_DMA_Abort_IT  stm32f4xx_hal_dma.o
    0x08000f04   0x08000f04   0x00000038   Code   RO          169    i.HAL_GPIO_EXTI_Callback  sr04.o
    0x08000f3c   0x08000f3c   0x00000018   Code   RO         1972    i.HAL_GPIO_EXTI_IRQHandler  stm32f4xx_hal_gpio.o
    0x08000f54   0x08000f54   0x00000234   Code   RO         1973    i.HAL_GPIO_Init     stm32f4xx_hal_gpio.o
    0x08001188   0x08001188   0x0000000a   Code   RO         1977    i.HAL_GPIO_WritePin  stm32f4xx_hal_gpio.o
    0x08001192   0x08001192   0x00000002   PAD
    0x08001194   0x08001194   0x0000000c   Code   RO         2543    i.HAL_GetTick       stm32f4xx_hal.o
    0x080011a0   0x080011a0   0x00000010   Code   RO         2549    i.HAL_IncTick       stm32f4xx_hal.o
    0x080011b0   0x080011b0   0x00000034   Code   RO         2550    i.HAL_Init          stm32f4xx_hal.o
    0x080011e4   0x080011e4   0x0000008c   Code   RO         1527    i.HAL_InitTick      stm32f4xx_hal_timebase_tim.o
    0x08001270   0x08001270   0x00000038   Code   RO         1503    i.HAL_MspInit       stm32f4xx_hal_msp.o
    0x080012a8   0x080012a8   0x0000001a   Code   RO         2383    i.HAL_NVIC_EnableIRQ  stm32f4xx_hal_cortex.o
    0x080012c2   0x080012c2   0x00000002   PAD
    0x080012c4   0x080012c4   0x00000040   Code   RO         2389    i.HAL_NVIC_SetPriority  stm32f4xx_hal_cortex.o
    0x08001304   0x08001304   0x00000024   Code   RO         2390    i.HAL_NVIC_SetPriorityGrouping  stm32f4xx_hal_cortex.o
    0x08001328   0x08001328   0x00000070   Code   RO         2309    i.HAL_PWREx_EnableOverDrive  stm32f4xx_hal_pwr_ex.o
    0x08001398   0x08001398   0x00000134   Code   RO         1567    i.HAL_RCC_ClockConfig  stm32f4xx_hal_rcc.o
    0x080014cc   0x080014cc   0x00000040   Code   RO         1571    i.HAL_RCC_GetClockConfig  stm32f4xx_hal_rcc.o
    0x0800150c   0x0800150c   0x00000020   Code   RO         1574    i.HAL_RCC_GetPCLK1Freq  stm32f4xx_hal_rcc.o
    0x0800152c   0x0800152c   0x00000020   Code   RO         1575    i.HAL_RCC_GetPCLK2Freq  stm32f4xx_hal_rcc.o
    0x0800154c   0x0800154c   0x00000064   Code   RO         1576    i.HAL_RCC_GetSysClockFreq  stm32f4xx_hal_rcc.o
    0x080015b0   0x080015b0   0x0000036c   Code   RO         1579    i.HAL_RCC_OscConfig  stm32f4xx_hal_rcc.o
    0x0800191c   0x0800191c   0x00000002   Code   RO         3504    i.HAL_TIMEx_BreakCallback  stm32f4xx_hal_tim_ex.o
    0x0800191e   0x0800191e   0x00000002   Code   RO         3505    i.HAL_TIMEx_CommutCallback  stm32f4xx_hal_tim_ex.o
    0x08001920   0x08001920   0x00000090   Code   RO         3523    i.HAL_TIMEx_MasterConfigSynchronization  stm32f4xx_hal_tim_ex.o
    0x080019b0   0x080019b0   0x0000005a   Code   RO         2800    i.HAL_TIM_Base_Init  stm32f4xx_hal_tim.o
    0x08001a0a   0x08001a0a   0x00000002   PAD
    0x08001a0c   0x08001a0c   0x00000074   Code   RO         1308    i.HAL_TIM_Base_MspInit  tim.o
    0x08001a80   0x08001a80   0x00000078   Code   RO         2803    i.HAL_TIM_Base_Start  stm32f4xx_hal_tim.o
    0x08001af8   0x08001af8   0x00000080   Code   RO         2805    i.HAL_TIM_Base_Start_IT  stm32f4xx_hal_tim.o
    0x08001b78   0x08001b78   0x00000026   Code   RO         2806    i.HAL_TIM_Base_Stop  stm32f4xx_hal_tim.o
    0x08001b9e   0x08001b9e   0x000000dc   Code   RO         2809    i.HAL_TIM_ConfigClockSource  stm32f4xx_hal_tim.o
    0x08001c7a   0x08001c7a   0x00000002   Code   RO         2834    i.HAL_TIM_IC_CaptureCallback  stm32f4xx_hal_tim.o
    0x08001c7c   0x08001c7c   0x00000130   Code   RO         2848    i.HAL_TIM_IRQHandler  stm32f4xx_hal_tim.o
    0x08001dac   0x08001dac   0x000000a8   Code   RO         1309    i.HAL_TIM_MspPostInit  tim.o
    0x08001e54   0x08001e54   0x00000002   Code   RO         2851    i.HAL_TIM_OC_DelayElapsedCallback  stm32f4xx_hal_tim.o
    0x08001e56   0x08001e56   0x000000cc   Code   RO         2872    i.HAL_TIM_PWM_ConfigChannel  stm32f4xx_hal_tim.o
    0x08001f22   0x08001f22   0x0000005a   Code   RO         2875    i.HAL_TIM_PWM_Init  stm32f4xx_hal_tim.o
    0x08001f7c   0x08001f7c   0x00000002   Code   RO         2877    i.HAL_TIM_PWM_MspInit  stm32f4xx_hal_tim.o
    0x08001f7e   0x08001f7e   0x00000002   Code   RO         2878    i.HAL_TIM_PWM_PulseFinishedCallback  stm32f4xx_hal_tim.o
    0x08001f80   0x08001f80   0x00000014   Code   RO         1183    i.HAL_TIM_PeriodElapsedCallback  main.o
    0x08001f94   0x08001f94   0x00000002   Code   RO         2891    i.HAL_TIM_TriggerCallback  stm32f4xx_hal_tim.o
    0x08001f96   0x08001f96   0x00000002   Code   RO         3783    i.HAL_UARTEx_RxEventCallback  stm32f4xx_hal_uart.o
    0x08001f98   0x08001f98   0x00000002   Code   RO         3797    i.HAL_UART_ErrorCallback  stm32f4xx_hal_uart.o
    0x08001f9a   0x08001f9a   0x00000002   PAD
    0x08001f9c   0x08001f9c   0x00000270   Code   RO         3800    i.HAL_UART_IRQHandler  stm32f4xx_hal_uart.o
    0x0800220c   0x0800220c   0x00000064   Code   RO         3801    i.HAL_UART_Init     stm32f4xx_hal_uart.o
    0x08002270   0x08002270   0x000000c8   Code   RO         1368    i.HAL_UART_MspInit  usart.o
    0x08002338   0x08002338   0x0000001c   Code   RO         3806    i.HAL_UART_Receive_IT  stm32f4xx_hal_uart.o
    0x08002354   0x08002354   0x0000007c   Code   RO          217    i.HAL_UART_RxCpltCallback  connect.o
    0x080023d0   0x080023d0   0x000000a0   Code   RO         3809    i.HAL_UART_Transmit  stm32f4xx_hal_uart.o
    0x08002470   0x08002470   0x00000002   Code   RO         3812    i.HAL_UART_TxCpltCallback  stm32f4xx_hal_uart.o
    0x08002472   0x08002472   0x00000002   Code   RO         1418    i.HardFault_Handler  stm32f4xx_it.o
    0x08002474   0x08002474   0x00000038   Code   RO         1258    i.MX_FREERTOS_Init  freertos.o
    0x080024ac   0x080024ac   0x00000150   Code   RO         1234    i.MX_GPIO_Init      gpio.o
    0x080025fc   0x080025fc   0x000000c8   Code   RO         1310    i.MX_TIM4_Init      tim.o
    0x080026c4   0x080026c4   0x000000c8   Code   RO         1311    i.MX_TIM5_Init      tim.o
    0x0800278c   0x0800278c   0x0000006c   Code   RO         1312    i.MX_TIM8_Init      tim.o
    0x080027f8   0x080027f8   0x00000038   Code   RO         1369    i.MX_UART7_Init     usart.o
    0x08002830   0x08002830   0x00000038   Code   RO         1370    i.MX_UART8_Init     usart.o
    0x08002868   0x08002868   0x00000002   Code   RO         1419    i.MemManage_Handler  stm32f4xx_it.o
    0x0800286a   0x0800286a   0x00000002   Code   RO         1420    i.NMI_Handler       stm32f4xx_it.o
    0x0800286c   0x0800286c   0x00000070   Code   RO          170    i.SR04_init         sr04.o
    0x080028dc   0x080028dc   0x00000044   Code   RO         1259    i.StartDefaultTask  freertos.o
    0x08002920   0x08002920   0x0000004c   Code   RO         1260    i.StartTask02       freertos.o
    0x0800296c   0x0800296c   0x0000001a   Code   RO         5279    i.SysTick_Handler   cmsis_os2.o
    0x08002986   0x08002986   0x00000002   PAD
    0x08002988   0x08002988   0x000000a0   Code   RO         1184    i.SystemClock_Config  main.o
    0x08002a28   0x08002a28   0x00000010   Code   RO         4135    i.SystemInit        system_stm32f4xx.o
    0x08002a38   0x08002a38   0x0000000c   Code   RO         1421    i.TIM1_UP_TIM10_IRQHandler  stm32f4xx_it.o
    0x08002a44   0x08002a44   0x0000000c   Code   RO         1422    i.TIM8_BRK_TIM12_IRQHandler  stm32f4xx_it.o
    0x08002a50   0x08002a50   0x000000d8   Code   RO         2893    i.TIM_Base_SetConfig  stm32f4xx_hal_tim.o
    0x08002b28   0x08002b28   0x00000014   Code   RO         2904    i.TIM_ETR_SetConfig  stm32f4xx_hal_tim.o
    0x08002b3c   0x08002b3c   0x00000010   Code   RO         2905    i.TIM_ITRx_SetConfig  stm32f4xx_hal_tim.o
    0x08002b4c   0x08002b4c   0x00000060   Code   RO         2906    i.TIM_OC1_SetConfig  stm32f4xx_hal_tim.o
    0x08002bac   0x08002bac   0x0000006c   Code   RO         2907    i.TIM_OC2_SetConfig  stm32f4xx_hal_tim.o
    0x08002c18   0x08002c18   0x00000068   Code   RO         2908    i.TIM_OC3_SetConfig  stm32f4xx_hal_tim.o
    0x08002c80   0x08002c80   0x00000050   Code   RO         2909    i.TIM_OC4_SetConfig  stm32f4xx_hal_tim.o
    0x08002cd0   0x08002cd0   0x00000022   Code   RO         2911    i.TIM_TI1_ConfigInputStage  stm32f4xx_hal_tim.o
    0x08002cf2   0x08002cf2   0x00000024   Code   RO         2913    i.TIM_TI2_ConfigInputStage  stm32f4xx_hal_tim.o
    0x08002d16   0x08002d16   0x00000002   PAD
    0x08002d18   0x08002d18   0x0000000c   Code   RO         1423    i.UART7_IRQHandler  stm32f4xx_it.o
    0x08002d24   0x08002d24   0x0000000c   Code   RO         1424    i.UART8_IRQHandler  stm32f4xx_it.o
    0x08002d30   0x08002d30   0x00000010   Code   RO         3814    i.UART_DMAAbortOnError  stm32f4xx_hal_uart.o
    0x08002d40   0x08002d40   0x0000004e   Code   RO         3824    i.UART_EndRxTransfer  stm32f4xx_hal_uart.o
    0x08002d8e   0x08002d8e   0x000000c2   Code   RO         3826    i.UART_Receive_IT   stm32f4xx_hal_uart.o
    0x08002e50   0x08002e50   0x0000010c   Code   RO         3827    i.UART_SetConfig    stm32f4xx_hal_uart.o
    0x08002f5c   0x08002f5c   0x00000036   Code   RO         3829    i.UART_Start_Receive_IT  stm32f4xx_hal_uart.o
    0x08002f92   0x08002f92   0x00000072   Code   RO         3830    i.UART_WaitOnFlagUntilTimeout  stm32f4xx_hal_uart.o
    0x08003004   0x08003004   0x00000002   Code   RO         1425    i.UsageFault_Handler  stm32f4xx_it.o
    0x08003006   0x08003006   0x00000002   PAD
    0x08003008   0x08003008   0x00000020   Code   RO         6196    i.__0printf         mc_w.l(printfa.o)
    0x08003028   0x08003028   0x00000020   Code   RO         2396    i.__NVIC_SetPriority  stm32f4xx_hal_cortex.o
    0x08003048   0x08003048   0x0000005c   Code   RO         6228    i.__free$realloc    mc_w.l(mallocr.o)
    0x080030a4   0x080030a4   0x00000004   PAD
    0x080030a8   0x080030a8   0x00000028   Code   RO         5930    i.__hardfp_strtod   m_wm.l(strtod.o)
    0x080030d0   0x080030d0   0x00000050   Code   RO         6229    i.__malloc$realloc  mc_w.l(mallocr.o)
    0x08003120   0x08003120   0x0000000e   Code   RO         6331    i.__scatterload_copy  mc_w.l(handlers.o)
    0x0800312e   0x0800312e   0x00000002   Code   RO         6332    i.__scatterload_null  mc_w.l(handlers.o)
    0x08003130   0x08003130   0x0000000e   Code   RO         6333    i.__scatterload_zeroinit  mc_w.l(handlers.o)
    0x0800313e   0x0800313e   0x00000002   PAD
    0x08003140   0x08003140   0x00000184   Code   RO         6203    i._fp_digits        mc_w.l(printfa.o)
    0x080032c4   0x080032c4   0x0000000e   Code   RO         6256    i._is_digit         mc_w.l(scanf_fp.o)
    0x080032d2   0x080032d2   0x00000002   PAD
    0x080032d4   0x080032d4   0x000006b4   Code   RO         6204    i._printf_core      mc_w.l(printfa.o)
    0x08003988   0x08003988   0x00000024   Code   RO         6205    i._printf_post_padding  mc_w.l(printfa.o)
    0x080039ac   0x080039ac   0x0000002e   Code   RO         6206    i._printf_pre_padding  mc_w.l(printfa.o)
    0x080039da   0x080039da   0x00000030   Code   RO          309    i.buffer_skip_whitespace  cjson.o
    0x08003a0a   0x08003a0a   0x00000002   PAD
    0x08003a0c   0x08003a0c   0x00000050   Code   RO          341    i.cJSON_Delete      cjson.o
    0x08003a5c   0x08003a5c   0x00000006   Code   RO          354    i.cJSON_GetObjectItem  cjson.o
    0x08003a62   0x08003a62   0x00000016   Code   RO          371    i.cJSON_New_Item    cjson.o
    0x08003a78   0x08003a78   0x00000008   Code   RO          372    i.cJSON_Parse       cjson.o
    0x08003a80   0x08003a80   0x000000dc   Code   RO          374    i.cJSON_ParseWithLengthOpts  cjson.o
    0x08003b5c   0x08003b5c   0x00000022   Code   RO          375    i.cJSON_ParseWithOpts  cjson.o
    0x08003b7e   0x08003b7e   0x00000002   PAD
    0x08003b80   0x08003b80   0x0000000c   Code   RO          218    i.connectInit       connect.o
    0x08003b8c   0x08003b8c   0x00000050   Code   RO          171    i.delay_us          sr04.o
    0x08003bdc   0x08003bdc   0x0000002c   Code   RO         1135    i.dumpReset         control.o
    0x08003c08   0x08003c08   0x00000078   Code   RO         1136    i.dumpTrash         control.o
    0x08003c80   0x08003c80   0x0000001c   Code   RO         1185    i.fputc             main.o
    0x08003c9c   0x08003c9c   0x00000050   Code   RO          172    i.getDistance       sr04.o
    0x08003cec   0x08003cec   0x0000007a   Code   RO          394    i.get_object_item   cjson.o
    0x08003d66   0x08003d66   0x00000002   PAD
    0x08003d68   0x08003d68   0x00000050   Code   RO         6230    i.internal_alloc    mc_w.l(mallocr.o)
    0x08003db8   0x08003db8   0x0000006c   Code   RO         1137    i.isFull            control.o
    0x08003e24   0x08003e24   0x00000054   Code   RO         1186    i.main              main.o
    0x08003e78   0x08003e78   0x00000024   Code   RO         5295    i.osKernelInitialize  cmsis_os2.o
    0x08003e9c   0x08003e9c   0x00000038   Code   RO         5298    i.osKernelStart     cmsis_os2.o
    0x08003ed4   0x08003ed4   0x00000074   Code   RO         5332    i.osThreadFlagsSet  cmsis_os2.o
    0x08003f48   0x08003f48   0x00000096   Code   RO         5333    i.osThreadFlagsWait  cmsis_os2.o
    0x08003fde   0x08003fde   0x00000002   PAD
    0x08003fe0   0x08003fe0   0x0000008a   Code   RO         5340    i.osThreadNew       cmsis_os2.o
    0x0800406a   0x0800406a   0x000000d0   Code   RO          396    i.parse_array       cjson.o
    0x0800413a   0x0800413a   0x00000040   Code   RO          397    i.parse_hex4        cjson.o
    0x0800417a   0x0800417a   0x00000002   PAD
    0x0800417c   0x0800417c   0x00000100   Code   RO          398    i.parse_number      cjson.o
    0x0800427c   0x0800427c   0x00000110   Code   RO          399    i.parse_object      cjson.o
    0x0800438c   0x0800438c   0x0000010c   Code   RO          400    i.parse_string      cjson.o
    0x08004498   0x08004498   0x000000fc   Code   RO          401    i.parse_value       cjson.o
    0x08004594   0x08004594   0x0000005c   Code   RO         4740    i.prvAddCurrentTaskToDelayedList  tasks.o
    0x080045f0   0x080045f0   0x000000d0   Code   RO         4741    i.prvAddNewTaskToReadyList  tasks.o
    0x080046c0   0x080046c0   0x00000058   Code   RO         5105    i.prvCheckForValidListAndQueue  timers.o
    0x08004718   0x08004718   0x00000026   Code   RO         4340    i.prvCopyDataFromQueue  queue.o
    0x0800473e   0x0800473e   0x0000006c   Code   RO         4341    i.prvCopyDataToQueue  queue.o
    0x080047aa   0x080047aa   0x00000034   Code   RO         4742    i.prvDeleteTCB      tasks.o
    0x080047de   0x080047de   0x00000002   PAD
    0x080047e0   0x080047e0   0x0000004c   Code   RO         5792    i.prvHeapInit       heap_4.o
    0x0800482c   0x0800482c   0x00000060   Code   RO         4743    i.prvIdleTask       tasks.o
    0x0800488c   0x0800488c   0x00000022   Code   RO         4343    i.prvInitialiseNewQueue  queue.o
    0x080048ae   0x080048ae   0x00000002   PAD
    0x080048b0   0x080048b0   0x000000b0   Code   RO         4744    i.prvInitialiseNewTask  tasks.o
    0x08004960   0x08004960   0x0000004c   Code   RO         5793    i.prvInsertBlockIntoFreeList  heap_4.o
    0x080049ac   0x080049ac   0x00000038   Code   RO         5107    i.prvInsertTimerInActiveList  timers.o
    0x080049e4   0x080049e4   0x0000001c   Code   RO         4344    i.prvIsQueueEmpty   queue.o
    0x08004a00   0x08004a00   0x000000fc   Code   RO         5108    i.prvProcessReceivedCommands  timers.o
    0x08004afc   0x08004afc   0x000000c0   Code   RO         5109    i.prvProcessTimerOrBlockTask  timers.o
    0x08004bbc   0x08004bbc   0x00000020   Code   RO         4746    i.prvResetNextTaskUnblockTime  tasks.o
    0x08004bdc   0x08004bdc   0x00000028   Code   RO         5110    i.prvSampleTimeNow  timers.o
    0x08004c04   0x08004c04   0x0000006c   Code   RO         5111    i.prvSwitchTimerLists  timers.o
    0x08004c70   0x08004c70   0x00000028   Code   RO         5848    i.prvTaskExitError  port.o
    0x08004c98   0x08004c98   0x00000024   Code   RO         5112    i.prvTimerTask      timers.o
    0x08004cbc   0x08004cbc   0x0000006a   Code   RO         4345    i.prvUnlockQueue    queue.o
    0x08004d26   0x08004d26   0x00000002   PAD
    0x08004d28   0x08004d28   0x000000dc   Code   RO         5794    i.pvPortMalloc      heap_4.o
    0x08004e04   0x08004e04   0x0000002c   Code   RO         5849    i.pxPortInitialiseStack  port.o
    0x08004e30   0x08004e30   0x0000006c   Code   RO         6231    i.realloc           mc_w.l(mallocr.o)
    0x08004e9c   0x08004e9c   0x0000006c   Code   RO          219    i.receive           connect.o
    0x08004f08   0x08004f08   0x00000038   Code   RO           13    i.setDegree         steer.o
    0x08004f40   0x08004f40   0x000000d2   Code   RO          410    i.utf16_literal_to_utf8  cjson.o
    0x08005012   0x08005012   0x00000026   Code   RO         4300    i.uxListRemove      list.o
    0x08005038   0x08005038   0x00000014   Code   RO         5352    i.vApplicationGetIdleTaskMemory  cmsis_os2.o
    0x0800504c   0x0800504c   0x00000018   Code   RO         5353    i.vApplicationGetTimerTaskMemory  cmsis_os2.o
    0x08005064   0x08005064   0x00000016   Code   RO         4301    i.vListInitialise   list.o
    0x0800507a   0x0800507a   0x00000006   Code   RO         4302    i.vListInitialiseItem  list.o
    0x08005080   0x08005080   0x00000030   Code   RO         4303    i.vListInsert       list.o
    0x080050b0   0x080050b0   0x00000018   Code   RO         4304    i.vListInsertEnd    list.o
    0x080050c8   0x080050c8   0x00000040   Code   RO         5851    i.vPortEnterCritical  port.o
    0x08005108   0x08005108   0x00000028   Code   RO         5852    i.vPortExitCritical  port.o
    0x08005130   0x08005130   0x00000064   Code   RO         5795    i.vPortFree         heap_4.o
    0x08005194   0x08005194   0x00000024   Code   RO         5853    i.vPortSetupTimerInterrupt  port.o
    0x080051b8   0x080051b8   0x00000054   Code   RO         5854    i.vPortValidateInterruptPriority  port.o
    0x0800520c   0x0800520c   0x00000028   Code   RO         4351    i.vQueueAddToRegistry  queue.o
    0x08005234   0x08005234   0x00000044   Code   RO         4355    i.vQueueWaitForMessageRestricted  queue.o
    0x08005278   0x08005278   0x0000004c   Code   RO         4759    i.vTaskDelay        tasks.o
    0x080052c4   0x080052c4   0x00000010   Code   RO         4764    i.vTaskInternalSetTimeOutState  tasks.o
    0x080052d4   0x080052d4   0x0000000c   Code   RO         4765    i.vTaskMissedYield  tasks.o
    0x080052e0   0x080052e0   0x00000030   Code   RO         4767    i.vTaskPlaceOnEventList  tasks.o
    0x08005310   0x08005310   0x00000038   Code   RO         4768    i.vTaskPlaceOnEventListRestricted  tasks.o
    0x08005348   0x08005348   0x00000088   Code   RO         4776    i.vTaskStartScheduler  tasks.o
    0x080053d0   0x080053d0   0x00000010   Code   RO         4778    i.vTaskSuspendAll   tasks.o
    0x080053e0   0x080053e0   0x00000064   Code   RO         4779    i.vTaskSwitchContext  tasks.o
    0x08005444   0x08005444   0x000000f4   Code   RO         5855    i.xPortStartScheduler  port.o
    0x08005538   0x08005538   0x0000002c   Code   RO         5856    i.xPortSysTickHandler  port.o
    0x08005564   0x08005564   0x00000066   Code   RO         4361    i.xQueueGenericCreateStatic  queue.o
    0x080055ca   0x080055ca   0x00000002   PAD
    0x080055cc   0x080055cc   0x00000088   Code   RO         4362    i.xQueueGenericReset  queue.o
    0x08005654   0x08005654   0x00000160   Code   RO         4363    i.xQueueGenericSend  queue.o
    0x080057b4   0x080057b4   0x000000be   Code   RO         4364    i.xQueueGenericSendFromISR  queue.o
    0x08005872   0x08005872   0x00000002   PAD
    0x08005874   0x08005874   0x00000138   Code   RO         4373    i.xQueueReceive     queue.o
    0x080059ac   0x080059ac   0x00000074   Code   RO         4781    i.xTaskCheckForTimeOut  tasks.o
    0x08005a20   0x08005a20   0x0000005a   Code   RO         4782    i.xTaskCreate       tasks.o
    0x08005a7a   0x08005a7a   0x00000056   Code   RO         4783    i.xTaskCreateStatic  tasks.o
    0x08005ad0   0x08005ad0   0x000000e0   Code   RO         4784    i.xTaskGenericNotify  tasks.o
    0x08005bb0   0x08005bb0   0x00000104   Code   RO         4785    i.xTaskGenericNotifyFromISR  tasks.o
    0x08005cb4   0x08005cb4   0x0000001c   Code   RO         4787    i.xTaskGetSchedulerState  tasks.o
    0x08005cd0   0x08005cd0   0x0000000c   Code   RO         4788    i.xTaskGetTickCount  tasks.o
    0x08005cdc   0x08005cdc   0x000000c8   Code   RO         4790    i.xTaskIncrementTick  tasks.o
    0x08005da4   0x08005da4   0x0000008c   Code   RO         4792    i.xTaskNotifyWait   tasks.o
    0x08005e30   0x08005e30   0x00000080   Code   RO         4793    i.xTaskPriorityDisinherit  tasks.o
    0x08005eb0   0x08005eb0   0x00000070   Code   RO         4795    i.xTaskRemoveFromEventList  tasks.o
    0x08005f20   0x08005f20   0x000000c4   Code   RO         4796    i.xTaskResumeAll    tasks.o
    0x08005fe4   0x08005fe4   0x00000060   Code   RO         5121    i.xTimerCreateTimerTask  timers.o
    0x08006044   0x08006044   0x00000068   Code   RO         5122    i.xTimerGenericCommand  timers.o
    0x080060ac   0x080060ac   0x00000048   Data   RO         1261    .constdata          freertos.o
    0x080060f4   0x080060f4   0x00000010   Data   RO         4136    .constdata          system_stm32f4xx.o
    0x08006104   0x08006104   0x00000008   Data   RO         4137    .constdata          system_stm32f4xx.o
    0x0800610c   0x0800610c   0x00000040   Data   RO         6327    .constdata          mc_w.l(ctype_c.o)
    0x0800614c   0x0800614c   0x0000001a   Data   RO         1262    .conststring        freertos.o
    0x08006166   0x08006166   0x00000002   PAD
    0x08006168   0x08006168   0x00000020   Data   RO         6329    Region$$Table       anon$$obj.o


    Execution Region RW_IRAM2 (Exec base: 0x10000000, Load base: 0x08006278, Size: 0x00000000, Max: 0x00010000, ABSOLUTE)

    **** No section assigned to this execution region ****


    Execution Region RW_IRAM1 (Exec base: 0x20000000, Load base: 0x08006188, Size: 0x000051d8, Max: 0x00030000, ABSOLUTE)

    Exec Addr    Load Addr    Size         Type   Attr      Idx    E Section Name        Object

    0x20000000   0x08006188   0x00000014   Data   RW           16    .data               steer.o
    0x20000014   0x0800619c   0x00000018   Data   RW          173    .data               sr04.o
    0x2000002c   0x080061b4   0x00000003   Data   RW          222    .data               connect.o
    0x2000002f   0x080061b7   0x00000001   PAD
    0x20000030   0x080061b8   0x00000014   Data   RW          412    .data               cjson.o
    0x20000044   0x080061cc   0x00000010   Data   RW         1263    .data               freertos.o
    0x20000054   0x080061dc   0x0000000c   Data   RW         2557    .data               stm32f4xx_hal.o
    0x20000060   0x080061e8   0x00000004   Data   RW         4138    .data               system_stm32f4xx.o
    0x20000064   0x080061ec   0x0000003c   Data   RW         4799    .data               tasks.o
    0x200000a0   0x08006228   0x00000014   Data   RW         5130    .data               timers.o
    0x200000b4   0x0800623c   0x00000004   Data   RW         5355    .data               cmsis_os2.o
    0x200000b8   0x08006240   0x00000020   Data   RW         5801    .data               heap_4.o
    0x200000d8   0x08006260   0x0000000c   Data   RW         5857    .data               port.o
    0x200000e4   0x0800626c   0x00000004   Data   RW         6292    .data               mc_w.l(stdout.o)
    0x200000e8   0x08006270   0x00000004   Data   RW         6301    .data               mc_w.l(mvars.o)
    0x200000ec   0x08006274   0x00000004   Data   RW         6302    .data               mc_w.l(mvars.o)
    0x200000f0        -       0x00000064   Zero   RW          221    .bss                connect.o
    0x20000154        -       0x000000d8   Zero   RW         1313    .bss                tim.o
    0x2000022c        -       0x00000090   Zero   RW         1371    .bss                usart.o
    0x200002bc        -       0x00000048   Zero   RW         1530    .bss                stm32f4xx_hal_timebase_tim.o
    0x20000304        -       0x00000040   Zero   RW         4377    .bss                queue.o
    0x20000344        -       0x000004c4   Zero   RW         4798    .bss                tasks.o
    0x20000808        -       0x00000118   Zero   RW         5129    .bss                timers.o
    0x20000920        -       0x000006b8   Zero   RW         5354    .bss                cmsis_os2.o
    0x20000fd8        -       0x00003c00   Zero   RW         5800    .bss                heap_4.o
    0x20004bd8        -       0x00000200   Zero   RW            2    HEAP                startup_stm32f427xx.o
    0x20004dd8        -       0x00000400   Zero   RW            1    STACK               startup_stm32f427xx.o


==============================================================================

Image component sizes


      Code (inc. data)   RO Data    RW Data    ZI Data      Debug   Object Name

      2070         66          0         20          0      19048   cjson.o
       566         28          0          4       1720      66888   cmsis_os2.o
       244         44          0          3        100      15385   connect.o
       272         38          0          0          0       2729   control.o
         0          0          0          0          0      19516   event_groups.o
       200         90         98         16          0       2647   freertos.o
       336         22          0          0          0       1195   gpio.o
       472         24          0         32      15360       4943   heap_4.o
       138          0          0          0          0       3626   list.o
       296         42          0          0          0       3424   main.o
       786         82          0         12          0      11673   port.o
      1514         20          0          0         64      17620   queue.o
       328         48          0         24          0       3493   sr04.o
        36          8        428          0       1536        848   startup_stm32f427xx.o
        56          4          0         20          0     745256   steer.o
        80         14          0         12          0       8310   stm32f4xx_hal.o
       158         14          0          0          0      33098   stm32f4xx_hal_cortex.o
       182          0          0          0          0       2139   stm32f4xx_hal_dma.o
       598         60          0          0          0       2891   stm32f4xx_hal_gpio.o
        56          4          0          0          0        894   stm32f4xx_hal_msp.o
       112         14          0          0          0       1316   stm32f4xx_hal_pwr_ex.o
      1412         86          0          0          0       5997   stm32f4xx_hal_rcc.o
      1914        140          0          0          0      17207   stm32f4xx_hal_tim.o
       148         28          0          0          0       2545   stm32f4xx_hal_tim_ex.o
       140         20          0          0         72       1475   stm32f4xx_hal_timebase_tim.o
      1642         16          0          0          0      11620   stm32f4xx_hal_uart.o
        66         24          0          0          0       5301   stm32f4xx_it.o
        16          4         24          4          0       1171   system_stm32f4xx.o
      2708        218          0         60       1220      31287   tasks.o
       792         68          0          0        216       4162   tim.o
       972         80          0         20        280      32367   timers.o
       312         38          0          0        144       2479   usart.o

    ----------------------------------------------------------------------
     18658       1344        584        228      20712    1082550   Object Totals
         0          0         32          0          0          0   (incl. Generated)
        36          0          2          1          0          0   (incl. Padding)

    ----------------------------------------------------------------------

      Code (inc. data)   RO Data    RW Data    ZI Data      Debug   Library Member Name

        40         10          0          0          0        128   strtod.o
        64          0          0          0          0         84   _sgetc.o
        40          6         64          0          0         68   ctype_c.o
         0          0          0          0          0          0   entry.o
         0          0          0          0          0          0   entry10a.o
         0          0          0          0          0          0   entry11a.o
         4          0          0          0          0          0   entry12b.o
         8          4          0          0          0          0   entry2.o
         4          0          0          0          0          0   entry5.o
         0          0          0          0          0          0   entry7b.o
         0          0          0          0          0          0   entry8b.o
         8          4          0          0          0          0   entry9a.o
        30          0          0          0          0          0   handlers.o
        36          8          0          0          0         68   init.o
        10          0          0          0          0         68   isspace_c.o
         0          0          0          0          0          0   iusefp.o
        30          0          0          0          0         68   llshl.o
        36          0          0          0          0         68   llsshr.o
        32          0          0          0          0         68   llushr.o
       360         30          0          0          0        356   mallocr.o
        36          0          0          0          0         68   memcpya.o
        36          0          0          0          0        108   memseta.o
         0          0          0          8          0          0   mvars.o
      2218         90          0          0          0        464   printfa.o
       878         12          0          0          0        216   scanf_fp.o
         0          0          0          4          0          0   stdout.o
        28          0          0          0          0         76   strcmp.o
        14          0          0          0          0         68   strlen.o
        30          0          0          0          0         80   strncmp.o
       156         12          0          0          0        120   strtod.o
        12          0          0          0          0         68   tolower.o
        44          0          0          0          0         80   uidiv.o
        98          0          0          0          0         92   uldiv.o
        48          0          0          0          0         68   cdcmple.o
        48          0          0          0          0         68   cdrcmple.o
        56          0          0          0          0         88   d2f.o
       334          0          0          0          0        148   dadd.o
       222          0          0          0          0        100   ddiv.o
       186          0          0          0          0        176   depilogue.o
        62          0          0          0          0         80   dfixi.o
        48          0          0          0          0         68   dfixul.o
        26          0          0          0          0         76   dfltui.o
        24          0          0          0          0         76   dfltul.o
       228          0          0          0          0         96   dmul.o
       110          0          0          0          0        168   fepilogue.o

    ----------------------------------------------------------------------
      5662        180         64         12          0       3628   Library Totals
        18          4          0          0          0          0   (incl. Padding)

    ----------------------------------------------------------------------

      Code (inc. data)   RO Data    RW Data    ZI Data      Debug   Library Name

        40         10          0          0          0        128   m_wm.l
      4212        166         64         12          0       2288   mc_w.l
      1392          0          0          0          0       1212   mf_w.l

    ----------------------------------------------------------------------
      5662        180         64         12          0       3628   Library Totals

    ----------------------------------------------------------------------

==============================================================================


      Code (inc. data)   RO Data    RW Data    ZI Data      Debug   

     24320       1524        648        240      20712    1066410   Grand Totals
     24320       1524        648        240      20712    1066410   ELF Image Totals
     24320       1524        648        240          0          0   ROM Totals

==============================================================================

    Total RO  Size (Code + RO Data)                24968 (  24.38kB)
    Total RW  Size (RW Data + ZI Data)             20952 (  20.46kB)
    Total ROM Size (Code + RO Data + RW Data)      25208 (  24.62kB)

==============================================================================

